{
    "chr22maf - msk - stub": {
        "content": [
            {
                "0": [
                    [
                        {
                            "id": "chr22",
                            "patient": "test"
                        },
                        "test_combined.maf:md5,d41d8cd98f00b204e9800998ecf8427e"
                    ]
                ],
                "1": [
                    "versions.yml:md5,c61c16c135e1cc470c79e7a579c4c76c"
                ],
                "maf": [
                    [
                        {
                            "id": "chr22",
                            "patient": "test"
                        },
                        "test_combined.maf:md5,d41d8cd98f00b204e9800998ecf8427e"
                    ]
                ],
                "versions": [
                    "versions.yml:md5,c61c16c135e1cc470c79e7a579c4c76c"
                ]
            }
        ],
        "timestamp": "2024-02-23T11:31:39.015292"
    },
    "chr22maf - msk": {
        "content": [
            {
                "0": [
                    [
                        {
                            "id": "chr22",
                            "patient": "test"
                        },
                        "test_combined.maf:md5,7b36c0fda7ebb28b27ddf51b7d2a09e8"
                    ]
                ],
                "1": [
                    "versions.yml:md5,c61c16c135e1cc470c79e7a579c4c76c"
                ],
                "maf": [
                    [
                        {
                            "id": "chr22",
                            "patient": "test"
                        },
                        "test_combined.maf:md5,7b36c0fda7ebb28b27ddf51b7d2a09e8"
                    ]
                ],
                "versions": [
                    "versions.yml:md5,c61c16c135e1cc470c79e7a579c4c76c"
                ]
            }
        ],
        "timestamp": "2024-02-23T11:31:28.145005"
    }
}