{
    "chr22maf - msk - stub": {
        "content": [
            {
                "0": [
                    [
                        {
                            "id": "chr22",
                            "patient": "test"
                        },
                        "test_combined.maf:md5,d41d8cd98f00b204e9800998ecf8427e"
                    ]
                ],
                "1": [
                    "versions.yml:md5,c61c16c135e1cc470c79e7a579c4c76c"
                ],
                "maf": [
                    [
                        {
                            "id": "chr22",
                            "patient": "test"
                        },
                        "test_combined.maf:md5,d41d8cd98f00b204e9800998ecf8427e"
                    ]
                ],
                "versions": [
                    "versions.yml:md5,c61c16c135e1cc470c79e7a579c4c76c"
                ]
            }
        ],
        "meta": {
            "nf-test": "0.9.0",
            "nextflow": "24.04.2"
        },
        "timestamp": "2024-10-01T12:18:30.061693329"
    },
    "chr22maf - msk": {
        "content": [
            {
                "0": [
                    [
                        {
                            "id": "chr22",
                            "patient": "test"
                        },
                        "test_combined.maf:md5,e1d7d2ecaf53ce75908ad49b25289f32"
                    ]
                ],
                "1": [
                    "versions.yml:md5,c61c16c135e1cc470c79e7a579c4c76c"
                ],
                "maf": [
                    [
                        {
                            "id": "chr22",
                            "patient": "test"
                        },
                        "test_combined.maf:md5,e1d7d2ecaf53ce75908ad49b25289f32"
                    ]
                ],
                "versions": [
                    "versions.yml:md5,c61c16c135e1cc470c79e7a579c4c76c"
                ]
            }
        ],
        "meta": {
            "nf-test": "0.9.0",
            "nextflow": "24.04.2"
        },
        "timestamp": "2024-10-01T12:18:20.94747798"
    }
}