{
    "neoantigenutils_convertannotjson - output(test) - tsv": {
        "content": [
            {
                "0": [
                    [
                        {
                            "id": "test"
                        },
                        "test_neoantigens.tsv:md5,4931fb72bba8bbeb3bc6cef19b99b01a"
                    ]
                ],
                "1": [
                    "versions.yml:md5,e36ea44c5cc6130f40b1a100f7e84fb1"
                ],
                "neoantigenTSV": [
                    [
                        {
                            "id": "test"
                        },
                        "test_neoantigens.tsv:md5,4931fb72bba8bbeb3bc6cef19b99b01a"
                    ]
                ],
                "versions": [
                    "versions.yml:md5,e36ea44c5cc6130f40b1a100f7e84fb1"
                ]
            }
        ],
        "meta": {
            "nf-test": "0.8.4",
            "nextflow": "24.04.2"
        },
        "timestamp": "2024-07-24T16:49:37.133693"
    },
    "neoantigenutils_convertannotjson - output(test) - tsv - stub": {
        "content": [
            {
                "0": [
                    [
                        {
                            "id": "test"
                        },
                        "test_neoantigens.tsv:md5,d41d8cd98f00b204e9800998ecf8427e"
                    ]
                ],
                "1": [
                    "versions.yml:md5,e36ea44c5cc6130f40b1a100f7e84fb1"
                ],
                "neoantigenTSV": [
                    [
                        {
                            "id": "test"
                        },
                        "test_neoantigens.tsv:md5,d41d8cd98f00b204e9800998ecf8427e"
                    ]
                ],
                "versions": [
                    "versions.yml:md5,e36ea44c5cc6130f40b1a100f7e84fb1"
                ]
            }
        ],
        "meta": {
            "nf-test": "0.8.4",
            "nextflow": "24.04.2"
        },
        "timestamp": "2024-07-24T16:49:41.629164"
    }
}