{
    "neoantigenutils_convertannotjson - output(test) - tsv": {
        "content": [
            [
                [
                    {
                        "id": "test"
                    },
                    "test_neoantigens.tsv:md5,4931fb72bba8bbeb3bc6cef19b99b01a"
                ]
            ]
        ],
        "meta": {
            "nf-test": "0.8.4",
            "nextflow": "24.04.2"
        },
        "timestamp": "2024-07-24T16:27:23.623613"
    },
    "neoantigenutils_convertannotjson - output(test) - tsv - stub": {
        "content": [
            [
                [
                    {
                        "id": "test"
                    },
                    "test_neoantigens.tsv:md5,d41d8cd98f00b204e9800998ecf8427e"
                ]
            ]
        ],
        "meta": {
            "nf-test": "0.8.4",
            "nextflow": "24.04.2"
        },
        "timestamp": "2024-07-24T16:27:28.129098"
    }
}