{
    "duplex simplex maf": {
        "content": [
            {
                "0": [
                    [
                        {
                            "id": "test"
                        },
                        "test.merged.maf:md5,81bbe12fb5511ce9c66d3375b9ed71dc"
                    ]
                ],
                "1": [
                    "versions.yml:md5,d07a4f42f7d7d56f11bf4ba50315775e"
                ],
                "merged": [
                    [
                        {
                            "id": "test"
                        },
                        "test.merged.maf:md5,81bbe12fb5511ce9c66d3375b9ed71dc"
                    ]
                ],
                "versions": [
                    "versions.yml:md5,d07a4f42f7d7d56f11bf4ba50315775e"
                ]
            }
        ],
        "timestamp": "2026-08-26T13:42:02.192305177",
        "meta": {
            "nf-test": "0.9.5",
            "nextflow": "26.04.6"
        }
    }
}