{
    "chr22 - bam": {
        "content": [
            "test_noise_acgt.tsv",
            125,
            [
                "sample_id\tminor_allele_count\tmajor_allele_count\tnoise_fraction\tcontributing_sites",
                "test\t224\t2947046\t7.600253794189197e-05\t190"
            ],
            [
                "versions.yml:md5,51f2739b156b87202dedf84f6a82c787"
            ],
            "test_noise_acgt.tsv",
            "test_noise_by_substitution.tsv",
            "test_noise_by_tlen.tsv",
            "test_noise_del.tsv",
            "test_noise_n.tsv",
            "test_noise_positions.tsv",
            "test_noise.html",
            "test_pileup.tsv"
        ],
        "meta": {
            "nf-test": "0.9.2",
            "nextflow": "24.10.5"
        },
        "timestamp": "2025-07-09T23:47:29.902284"
    },
    "chr22 - bam - stub": {
        "content": [
            {
                "0": [
                    [
                        {
                            "id": "test",
                            "single_end": false
                        },
                        "test_noise_acgt.tsv:md5,d41d8cd98f00b204e9800998ecf8427e"
                    ]
                ],
                "1": [
                    [
                        {
                            "id": "test",
                            "single_end": false
                        },
                        "test_noise_by_substitution.tsv:md5,d41d8cd98f00b204e9800998ecf8427e"
                    ]
                ],
                "2": [
                    [
                        {
                            "id": "test",
                            "single_end": false
                        },
                        "test_noise_by_tlen.tsv:md5,d41d8cd98f00b204e9800998ecf8427e"
                    ]
                ],
                "3": [
                    [
                        {
                            "id": "test",
                            "single_end": false
                        },
                        "test_noise_del.tsv:md5,d41d8cd98f00b204e9800998ecf8427e"
                    ]
                ],
                "4": [
                    [
                        {
                            "id": "test",
                            "single_end": false
                        },
                        "test_noise_n.tsv:md5,d41d8cd98f00b204e9800998ecf8427e"
                    ]
                ],
                "5": [
                    [
                        {
                            "id": "test",
                            "single_end": false
                        },
                        "test_noise_positions.tsv:md5,d41d8cd98f00b204e9800998ecf8427e"
                    ]
                ],
                "6": [
                    [
                        {
                            "id": "test",
                            "single_end": false
                        },
                        "test_noise.html:md5,d41d8cd98f00b204e9800998ecf8427e"
                    ]
                ],
                "7": [
                    [
                        {
                            "id": "test",
                            "single_end": false
                        },
                        "test_pileup.tsv:md5,d41d8cd98f00b204e9800998ecf8427e"
                    ]
                ],
                "8": [
                    "versions.yml:md5,1bb9b184fc77f055e623f2c5f3bc15c7"
                ],
                "acgt": [
                    [
                        {
                            "id": "test",
                            "single_end": false
                        },
                        "test_noise_acgt.tsv:md5,d41d8cd98f00b204e9800998ecf8427e"
                    ]
                ],
                "bytlen": [
                    [
                        {
                            "id": "test",
                            "single_end": false
                        },
                        "test_noise_by_tlen.tsv:md5,d41d8cd98f00b204e9800998ecf8427e"
                    ]
                ],
                "count": [
                    [
                        {
                            "id": "test",
                            "single_end": false
                        },
                        "test_noise_n.tsv:md5,d41d8cd98f00b204e9800998ecf8427e"
                    ]
                ],
                "del": [
                    [
                        {
                            "id": "test",
                            "single_end": false
                        },
                        "test_noise_del.tsv:md5,d41d8cd98f00b204e9800998ecf8427e"
                    ]
                ],
                "html": [
                    [
                        {
                            "id": "test",
                            "single_end": false
                        },
                        "test_noise.html:md5,d41d8cd98f00b204e9800998ecf8427e"
                    ]
                ],
                "pileup": [
                    [
                        {
                            "id": "test",
                            "single_end": false
                        },
                        "test_pileup.tsv:md5,d41d8cd98f00b204e9800998ecf8427e"
                    ]
                ],
                "positions": [
                    [
                        {
                            "id": "test",
                            "single_end": false
                        },
                        "test_noise_positions.tsv:md5,d41d8cd98f00b204e9800998ecf8427e"
                    ]
                ],
                "substitution": [
                    [
                        {
                            "id": "test",
                            "single_end": false
                        },
                        "test_noise_by_substitution.tsv:md5,d41d8cd98f00b204e9800998ecf8427e"
                    ]
                ],
                "versions": [
                    "versions.yml:md5,1bb9b184fc77f055e623f2c5f3bc15c7"
                ]
            }
        ],
        "meta": {
            "nf-test": "0.9.2",
            "nextflow": "24.10.5"
        },
        "timestamp": "2025-07-09T23:47:45.119775"
    }
}