{
    "sarscov2 - bam - stub": {
        "content": [
            {
                "0": [
                    [
                        {
                            "id": "test",
                            "sample": "test"
                        },
                        "test.contamination.tsv:md5,d41d8cd98f00b204e9800998ecf8427e"
                    ]
                ],
                "1": [
                    [
                        "CUSTOM_FINGERPRINTCONTAMINATION",
                        "calculate_contamination.py",
                        ""
                    ]
                ],
                "contamination_tsv": [
                    [
                        {
                            "id": "test",
                            "sample": "test"
                        },
                        "test.contamination.tsv:md5,d41d8cd98f00b204e9800998ecf8427e"
                    ]
                ],
                "versions_fingerprintvcfparser": [
                    [
                        "CUSTOM_FINGERPRINTCONTAMINATION",
                        "calculate_contamination.py",
                        ""
                    ]
                ]
            }
        ],
        "meta": {
            "nf-test": "0.9.3",
            "nextflow": "25.10.2"
        },
        "timestamp": "2025-12-17T13:12:25.869022442"
    },
    "sarscov2 - bam": {
        "content": [
            {
                "0": [
                    [
                        {
                            "id": "test",
                            "sample": "test"
                        },
                        "test.contamination.tsv:md5,5b533c60b8eff1f4d2c5fe58a8262303"
                    ]
                ],
                "1": [
                    [
                        "CUSTOM_FINGERPRINTCONTAMINATION",
                        "calculate_contamination.py",
                        ""
                    ]
                ],
                "contamination_tsv": [
                    [
                        {
                            "id": "test",
                            "sample": "test"
                        },
                        "test.contamination.tsv:md5,5b533c60b8eff1f4d2c5fe58a8262303"
                    ]
                ],
                "versions_fingerprintvcfparser": [
                    [
                        "CUSTOM_FINGERPRINTCONTAMINATION",
                        "calculate_contamination.py",
                        ""
                    ]
                ]
            }
        ],
        "meta": {
            "nf-test": "0.9.3",
            "nextflow": "25.10.2"
        },
        "timestamp": "2025-12-17T13:12:16.153445117"
    }
}