{
    "PHYLOWGSCREATEINPUT - txt": {
        "content": [
            {
                "0": [
                    [
                        {
                            "id": "test",
                            "single_end": false
                        },
                        "cnv_data.txt:md5,9228c0a7bce478e06db5d4304be3dbf7",
                        "ssm_data.txt:md5,055b7b5359a50eefd86fc85fcc023c6f"
                    ]
                ],
                "1": [
                    "versions.yml:md5,71f53efef22d06969b865b3034a8bf67"
                ],
                "phylowgsinput": [
                    [
                        {
                            "id": "test",
                            "single_end": false
                        },
                        "cnv_data.txt:md5,9228c0a7bce478e06db5d4304be3dbf7",
                        "ssm_data.txt:md5,055b7b5359a50eefd86fc85fcc023c6f"
                    ]
                ],
                "versions": [
                    "versions.yml:md5,71f53efef22d06969b865b3034a8bf67"
                ]
            }
        ],
        "meta": {
            "nf-test": "0.8.4",
            "nextflow": "23.10.1"
        },
        "timestamp": "2024-03-11T12:23:27.528815"
    }
}