{
    "test normal ": {
        "content": [
            {
                "0": [
                    [
                        {
                            "id": "test"
                        },
                        "test_annotated.maf:md5,2ee9d72ce52d27f0561fa31f379b504c"
                    ]
                ],
                "1": [
                    "versions.yml:md5,81ba8811920e0c0c33b700bddd8fd14d"
                ],
                "annotated_maf": [
                    [
                        {
                            "id": "test"
                        },
                        "test_annotated.maf:md5,2ee9d72ce52d27f0561fa31f379b504c"
                    ]
                ],
                "versions": [
                    "versions.yml:md5,81ba8811920e0c0c33b700bddd8fd14d"
                ]
            }
        ],
        "timestamp": "2024-06-18T11:21:04.893349"
    },
    "test normal - stub": {
        "content": [
            {
                "0": [
                    [
                        {
                            "id": "test"
                        },
                        "test_annotated.maf:md5,d41d8cd98f00b204e9800998ecf8427e"
                    ]
                ],
                "1": [
                    "versions.yml:md5,964649bf780aa07ca0ab906246684f65"
                ],
                "annotated_maf": [
                    [
                        {
                            "id": "test"
                        },
                        "test_annotated.maf:md5,d41d8cd98f00b204e9800998ecf8427e"
                    ]
                ],
                "versions": [
                    "versions.yml:md5,964649bf780aa07ca0ab906246684f65"
                ]
            }
        ],
        "timestamp": "2024-06-18T11:21:11.081014"
    }
}