{
    "*_out/*.mutated_sequences.fa": {
        "content": [
            [
                [
                    {
                        "id": "test",
                        "single_end": false
                    },
                    "test.mutated_sequences.fa:md5,87c87ae7ccecadfad00e0fc6c4c01498"
                ]
            ]
        ],
        "meta": {
            "nf-test": "0.8.4",
            "nextflow": "23.10.0"
        },
        "timestamp": "2024-03-13T17:39:38.583128"
    },
    "test_neoantigen": {
        "content": [
            {
                "0": [
                    [
                        {
                            "id": "test",
                            "single_end": false
                        },
                        "test.xls:md5,c96616193b944811a46e689480b7f9bb"
                    ]
                ],
                "1": [
                    [
                        {
                            "id": "test",
                            "single_end": false
                        },
                        "test.netmhcpan.output:md5,bbc99a8ab3c6b863c2c3f4592b87a9b8"
                    ]
                ],
                "2": [
                    [
                        {
                            "id": "test",
                            "single_end": false
                        },
                        "test.mutated_sequences.fa:md5,87c87ae7ccecadfad00e0fc6c4c01498"
                    ]
                ],
                "3": [
                    "versions.yml:md5,35ec563839ee27410cf9f8d134c6e8e5"
                ],
                "mutatedSequences": [
                    [
                        {
                            "id": "test",
                            "single_end": false
                        },
                        "test.mutated_sequences.fa:md5,87c87ae7ccecadfad00e0fc6c4c01498"
                    ]
                ],
                "netmhcpanoutput": [
                    [
                        {
                            "id": "test",
                            "single_end": false
                        },
                        "test.netmhcpan.output:md5,bbc99a8ab3c6b863c2c3f4592b87a9b8"
                    ]
                ],
                "versions": [
                    "versions.yml:md5,35ec563839ee27410cf9f8d134c6e8e5"
                ],
                "xls": [
                    [
                        {
                            "id": "test",
                            "single_end": false
                        },
                        "test.xls:md5,c96616193b944811a46e689480b7f9bb"
                    ]
                ]
            }
        ],
        "meta": {
            "nf-test": "0.8.4",
            "nextflow": "23.10.0"
        },
        "timestamp": "2024-03-13T17:19:07.709907"
    }
}