{
    "generatemutfasta_1.1 - maf - fasta - stub": {
        "content": [
            {
                "0": [
                    [
                        {
                            "id": "test",
                            "single_end": false
                        },
                        "test.MUT.sequences.fa:md5,d41d8cd98f00b204e9800998ecf8427e"
                    ]
                ],
                "1": [
                    [
                        {
                            "id": "test",
                            "single_end": false
                        },
                        "test.WT.sequences.fa:md5,d41d8cd98f00b204e9800998ecf8427e"
                    ]
                ],
                "2": [
                    "versions.yml:md5,8f48f646e5b32003f73aa8d76c72b71c"
                ],
                "mut_fasta": [
                    [
                        {
                            "id": "test",
                            "single_end": false
                        },
                        "test.MUT.sequences.fa:md5,d41d8cd98f00b204e9800998ecf8427e"
                    ]
                ],
                "versions": [
                    "versions.yml:md5,8f48f646e5b32003f73aa8d76c72b71c"
                ],
                "wt_fasta": [
                    [
                        {
                            "id": "test",
                            "single_end": false
                        },
                        "test.WT.sequences.fa:md5,d41d8cd98f00b204e9800998ecf8427e"
                    ]
                ]
            }
        ],
        "meta": {
            "nf-test": "0.9.3",
            "nextflow": "25.10.0"
        },
        "timestamp": "2025-11-25T18:02:07.34625"
    },
    "generatemutfasta_1.1 - maf - fasta": {
        "content": [
            {
                "0": [
                    [
                        {
                            "id": "test",
                            "single_end": false
                        },
                        "test.MUT.sequences.fa:md5,b668c05330e78204620421dccbb80c40"
                    ]
                ],
                "1": [
                    [
                        {
                            "id": "test",
                            "single_end": false
                        },
                        "test.WT.sequences.fa:md5,4fcfee0a32d3c3b75c3ed24d1c462f48"
                    ]
                ],
                "2": [
                    "versions.yml:md5,8f48f646e5b32003f73aa8d76c72b71c"
                ],
                "mut_fasta": [
                    [
                        {
                            "id": "test",
                            "single_end": false
                        },
                        "test.MUT.sequences.fa:md5,b668c05330e78204620421dccbb80c40"
                    ]
                ],
                "versions": [
                    "versions.yml:md5,8f48f646e5b32003f73aa8d76c72b71c"
                ],
                "wt_fasta": [
                    [
                        {
                            "id": "test",
                            "single_end": false
                        },
                        "test.WT.sequences.fa:md5,4fcfee0a32d3c3b75c3ed24d1c462f48"
                    ]
                ]
            }
        ],
        "meta": {
            "nf-test": "0.9.3",
            "nextflow": "25.10.0"
        },
        "timestamp": "2025-11-25T18:01:56.281822"
    }
}