{
    "snppileup - bam - stub": {
        "content": [
            {
                "0": [
                    [
                        {
                            "id": "test"
                        },
                        "test.snp_pileup.gz:md5,3d77e3e110a219d3495d44e243450313"
                    ]
                ],
                "1": [
                    "versions.yml:md5,0ca251848ee099aebdade397bedf463f"
                ],
                "pileup": [
                    [
                        {
                            "id": "test"
                        },
                        "test.snp_pileup.gz:md5,3d77e3e110a219d3495d44e243450313"
                    ]
                ],
                "versions": [
                    "versions.yml:md5,0ca251848ee099aebdade397bedf463f"
                ]
            }
        ],
        "timestamp": "2024-02-26T11:34:57.371873"
    },
    "snppileup - bam": {
        "content": [
            {
                "0": [
                    [
                        {
                            "id": "test"
                        },
                        "test.snp_pileup.gz:md5,deac57ec8a27969028af701840d2b0ee"
                    ]
                ],
                "1": [
                    "versions.yml:md5,0ca251848ee099aebdade397bedf463f"
                ],
                "pileup": [
                    [
                        {
                            "id": "test"
                        },
                        "test.snp_pileup.gz:md5,deac57ec8a27969028af701840d2b0ee"
                    ]
                ],
                "versions": [
                    "versions.yml:md5,0ca251848ee099aebdade397bedf463f"
                ]
            }
        ],
        "timestamp": "2024-02-26T11:33:58.146"
    },
    "snppileup - bam with extra bam - stub": {
        "content": [
            {
                "0": [
                    [
                        {
                            "id": "test"
                        },
                        "test.snp_pileup.gz:md5,3d77e3e110a219d3495d44e243450313"
                    ]
                ],
                "1": [
                    "versions.yml:md5,0ca251848ee099aebdade397bedf463f"
                ],
                "pileup": [
                    [
                        {
                            "id": "test"
                        },
                        "test.snp_pileup.gz:md5,3d77e3e110a219d3495d44e243450313"
                    ]
                ],
                "versions": [
                    "versions.yml:md5,0ca251848ee099aebdade397bedf463f"
                ]
            }
        ],
        "timestamp": "2024-02-26T11:35:02.583042"
    },
    "snppileup - bam - extra bam": {
        "content": [
            {
                "0": [
                    [
                        {
                            "id": "test"
                        },
                        "test.snp_pileup.gz:md5,28e74d5b98f0f91960d09a229c755b70"
                    ]
                ],
                "1": [
                    "versions.yml:md5,0ca251848ee099aebdade397bedf463f"
                ],
                "pileup": [
                    [
                        {
                            "id": "test"
                        },
                        "test.snp_pileup.gz:md5,28e74d5b98f0f91960d09a229c755b70"
                    ]
                ],
                "versions": [
                    "versions.yml:md5,0ca251848ee099aebdade397bedf463f"
                ]
            }
        ],
        "timestamp": "2024-02-26T11:34:22.986163"
    },
    "snppileup - bam - extra bam list": {
        "content": [
            {
                "0": [
                    [
                        {
                            "id": "test"
                        },
                        "test.snp_pileup.gz:md5,5cd252c71059426451f386ff386b8534"
                    ]
                ],
                "1": [
                    "versions.yml:md5,0ca251848ee099aebdade397bedf463f"
                ],
                "pileup": [
                    [
                        {
                            "id": "test"
                        },
                        "test.snp_pileup.gz:md5,5cd252c71059426451f386ff386b8534"
                    ]
                ],
                "versions": [
                    "versions.yml:md5,0ca251848ee099aebdade397bedf463f"
                ]
            }
        ],
        "timestamp": "2024-02-26T11:34:51.747062"
    },
    "snppileup - bam with extra bam list - stub": {
        "content": [
            {
                "0": [
                    [
                        {
                            "id": "test"
                        },
                        "test.snp_pileup.gz:md5,3d77e3e110a219d3495d44e243450313"
                    ]
                ],
                "1": [
                    "versions.yml:md5,0ca251848ee099aebdade397bedf463f"
                ],
                "pileup": [
                    [
                        {
                            "id": "test"
                        },
                        "test.snp_pileup.gz:md5,3d77e3e110a219d3495d44e243450313"
                    ]
                ],
                "versions": [
                    "versions.yml:md5,0ca251848ee099aebdade397bedf463f"
                ]
            }
        ],
        "timestamp": "2024-02-26T11:35:07.596619"
    }
}