{
    "snppileup - bam": {
        "content": [
            {
                "0": [
                    [
                        {
                            "id": "test"
                        },
                        "test.snp_pileup.gz:md5,deac57ec8a27969028af701840d2b0ee"
                    ]
                ],
                "1": [
                    "versions.yml:md5,0ca251848ee099aebdade397bedf463f"
                ],
                "pileup": [
                    [
                        {
                            "id": "test"
                        },
                        "test.snp_pileup.gz:md5,deac57ec8a27969028af701840d2b0ee"
                    ]
                ],
                "versions": [
                    "versions.yml:md5,0ca251848ee099aebdade397bedf463f"
                ]
            }
        ],
        "timestamp": "2024-01-23T17:32:20.15903"
    }
}