{
    "neoantigenutils_formatnetmhcpan - output(MUT,netmhcpan) - tsv": {
        "content": [
            {
                "0": [
                    [
                        {
                            "id": "test",
                            "typeMut": true,
                            "fromStab": false,
                            "fromPan": true
                        },
                        "test_netmhcpan.output.MUT.tsv:md5,26f40dde35f53f5ced8a251f59dcc77f"
                    ]
                ],
                "1": [
                    "versions.yml:md5,2c02f5f3103ee1532c27f7f3b873a578"
                ],
                "netMHCpanreformatted": [
                    [
                        {
                            "id": "test",
                            "typeMut": true,
                            "fromStab": false,
                            "fromPan": true
                        },
                        "test_netmhcpan.output.MUT.tsv:md5,26f40dde35f53f5ced8a251f59dcc77f"
                    ]
                ],
                "versions": [
                    "versions.yml:md5,2c02f5f3103ee1532c27f7f3b873a578"
                ]
            }
        ],
        "meta": {
            "nf-test": "0.9.0",
            "nextflow": "24.04.4"
        },
        "timestamp": "2024-12-17T14:45:38.840591896"
    },
    "neoantigenutils_formatnetmhcpan - output(WT,netmhc) - tsv": {
        "content": [
            {
                "0": [
                    [
                        {
                            "id": "test",
                            "typeMut": false,
                            "fromStab": false,
                            "fromPan": false
                        },
                        "test_netmhc.output.WT.tsv:md5,36ec8de972a796cb937e8590a2eed2ec"
                    ]
                ],
                "1": [
                    "versions.yml:md5,2c02f5f3103ee1532c27f7f3b873a578"
                ],
                "netMHCpanreformatted": [
                    [
                        {
                            "id": "test",
                            "typeMut": false,
                            "fromStab": false,
                            "fromPan": false
                        },
                        "test_netmhc.output.WT.tsv:md5,36ec8de972a796cb937e8590a2eed2ec"
                    ]
                ],
                "versions": [
                    "versions.yml:md5,2c02f5f3103ee1532c27f7f3b873a578"
                ]
            }
        ],
        "meta": {
            "nf-test": "0.9.0",
            "nextflow": "24.04.4"
        },
        "timestamp": "2024-12-17T14:46:02.600939484"
    },
    "neoantigenutils_formatnetmhcpan - output(MUT,netmhcpan) - tsv - stub": {
        "content": [
            {
                "0": [
                    [
                        {
                            "id": "test",
                            "typeMut": true,
                            "fromStab": false,
                            "fromPan": true
                        },
                        "test.MUT.PAN.tsv:md5,d41d8cd98f00b204e9800998ecf8427e"
                    ]
                ],
                "1": [
                    "versions.yml:md5,2c02f5f3103ee1532c27f7f3b873a578"
                ],
                "netMHCpanreformatted": [
                    [
                        {
                            "id": "test",
                            "typeMut": true,
                            "fromStab": false,
                            "fromPan": true
                        },
                        "test.MUT.PAN.tsv:md5,d41d8cd98f00b204e9800998ecf8427e"
                    ]
                ],
                "versions": [
                    "versions.yml:md5,2c02f5f3103ee1532c27f7f3b873a578"
                ]
            }
        ],
        "meta": {
            "nf-test": "0.9.0",
            "nextflow": "24.04.4"
        },
        "timestamp": "2024-12-17T14:46:25.074173512"
    },
    "neoantigenutils_formatnetmhcpan - output(MUT,netmhc) - tsv": {
        "content": [
            {
                "0": [
                    [
                        {
                            "id": "test",
                            "typeMut": true,
                            "fromStab": false,
                            "fromPan": false
                        },
                        "test_netmhc.output.MUT.tsv:md5,5c1d32a4fb53a0d959f7d50bfc2c9fc0"
                    ]
                ],
                "1": [
                    "versions.yml:md5,2c02f5f3103ee1532c27f7f3b873a578"
                ],
                "netMHCpanreformatted": [
                    [
                        {
                            "id": "test",
                            "typeMut": true,
                            "fromStab": false,
                            "fromPan": false
                        },
                        "test_netmhc.output.MUT.tsv:md5,5c1d32a4fb53a0d959f7d50bfc2c9fc0"
                    ]
                ],
                "versions": [
                    "versions.yml:md5,2c02f5f3103ee1532c27f7f3b873a578"
                ]
            }
        ],
        "meta": {
            "nf-test": "0.9.0",
            "nextflow": "24.04.4"
        },
        "timestamp": "2024-12-17T14:45:55.288256594"
    },
    "neoantigenutils_formatnetmhcpan - output(WT,netmhcpan) - tsv": {
        "content": [
            {
                "0": [
                    [
                        {
                            "id": "test",
                            "typeMut": false,
                            "fromStab": false,
                            "fromPan": true
                        },
                        "test_netmhcpan.output.WT.tsv:md5,0ef95cf63ee0b8faa8e9d85413e48943"
                    ]
                ],
                "1": [
                    "versions.yml:md5,2c02f5f3103ee1532c27f7f3b873a578"
                ],
                "netMHCpanreformatted": [
                    [
                        {
                            "id": "test",
                            "typeMut": false,
                            "fromStab": false,
                            "fromPan": true
                        },
                        "test_netmhcpan.output.WT.tsv:md5,0ef95cf63ee0b8faa8e9d85413e48943"
                    ]
                ],
                "versions": [
                    "versions.yml:md5,2c02f5f3103ee1532c27f7f3b873a578"
                ]
            }
        ],
        "meta": {
            "nf-test": "0.9.0",
            "nextflow": "24.04.4"
        },
        "timestamp": "2024-12-17T14:45:47.34586791"
    },
    "neoantigenutils_formatnetmhcpan - output(MUT,netmhcpanstab) - tsv": {
        "content": [
            {
                "0": [
                    [
                        {
                            "id": "test",
                            "typeMut": true,
                            "fromStab": true,
                            "fromPan": true
                        },
                        "test_netmhcpanstab.output.MUT.tsv:md5,246eb723691371ad49bd080071475740"
                    ]
                ],
                "1": [
                    "versions.yml:md5,2c02f5f3103ee1532c27f7f3b873a578"
                ],
                "netMHCpanreformatted": [
                    [
                        {
                            "id": "test",
                            "typeMut": true,
                            "fromStab": true,
                            "fromPan": true
                        },
                        "test_netmhcpanstab.output.MUT.tsv:md5,246eb723691371ad49bd080071475740"
                    ]
                ],
                "versions": [
                    "versions.yml:md5,2c02f5f3103ee1532c27f7f3b873a578"
                ]
            }
        ],
        "meta": {
            "nf-test": "0.9.0",
            "nextflow": "24.04.4"
        },
        "timestamp": "2024-12-17T14:46:10.256554716"
    },
    "neoantigenutils_formatnetmhcpan - output(WT,netmhcpanstab) - tsv": {
        "content": [
            {
                "0": [
                    [
                        {
                            "id": "test",
                            "typeMut": false,
                            "fromStab": false,
                            "fromPan": true
                        },
                        "test_netmhcpan.output.WT.tsv:md5,b95a6624d4010eb6517ca880a13e670d"
                    ]
                ],
                "1": [
                    "versions.yml:md5,2c02f5f3103ee1532c27f7f3b873a578"
                ],
                "netMHCpanreformatted": [
                    [
                        {
                            "id": "test",
                            "typeMut": false,
                            "fromStab": false,
                            "fromPan": true
                        },
                        "test_netmhcpan.output.WT.tsv:md5,b95a6624d4010eb6517ca880a13e670d"
                    ]
                ],
                "versions": [
                    "versions.yml:md5,2c02f5f3103ee1532c27f7f3b873a578"
                ]
            }
        ],
        "meta": {
            "nf-test": "0.9.0",
            "nextflow": "24.04.4"
        },
        "timestamp": "2024-12-17T14:46:17.955083074"
    }
}