{
    "neoantigenutils_formatnetmhcpan - output(MUT,netmhcpan) - tsv": {
        "content": [
            {
                "0": [
                    [
                        {
                            "id": "test",
                            "typeMut": true,
                            "fromStab": false
                        },
                        "test_netmHCpanoutput.MUT.tsv:md5,7f00f2df190fe801700b626b72dfdb99"
                    ]
                ],
                "1": [
                    "versions.yml:md5,2c02f5f3103ee1532c27f7f3b873a578"
                ],
                "netMHCpanreformatted": [
                    [
                        {
                            "id": "test",
                            "typeMut": true,
                            "fromStab": false
                        },
                        "test_netmHCpanoutput.MUT.tsv:md5,7f00f2df190fe801700b626b72dfdb99"
                    ]
                ],
                "versions": [
                    "versions.yml:md5,2c02f5f3103ee1532c27f7f3b873a578"
                ]
            }
        ],
        "timestamp": "2024-07-30T13:46:27.878268"
    },
    "neoantigenutils_formatnetmhcpan - output(MUT,netmhcpan) - tsv - stub": {
        "content": [
            {
                "0": [
                    [
                        {
                            "id": "test",
                            "typeMut": true,
                            "fromStab": false
                        },
                        "test.MUT.PAN.tsv:md5,d41d8cd98f00b204e9800998ecf8427e"
                    ]
                ],
                "1": [
                    "versions.yml:md5,2c02f5f3103ee1532c27f7f3b873a578"
                ],
                "netMHCpanreformatted": [
                    [
                        {
                            "id": "test",
                            "typeMut": true,
                            "fromStab": false
                        },
                        "test.MUT.PAN.tsv:md5,d41d8cd98f00b204e9800998ecf8427e"
                    ]
                ],
                "versions": [
                    "versions.yml:md5,2c02f5f3103ee1532c27f7f3b873a578"
                ]
            }
        ],
        "timestamp": "2024-07-30T13:47:05.72509"
    },
    "neoantigenutils_formatnetmhcpan - output(WT,netmhcpan) - tsv": {
        "content": [
            {
                "0": [
                    [
                        {
                            "id": "test",
                            "typeMut": false,
                            "fromStab": false
                        },
                        "test_netmHCpanoutput.WT.tsv:md5,a1d7db1b6f116e96457f2fa60660558e"
                    ]
                ],
                "1": [
                    "versions.yml:md5,2c02f5f3103ee1532c27f7f3b873a578"
                ],
                "netMHCpanreformatted": [
                    [
                        {
                            "id": "test",
                            "typeMut": false,
                            "fromStab": false
                        },
                        "test_netmHCpanoutput.WT.tsv:md5,a1d7db1b6f116e96457f2fa60660558e"
                    ]
                ],
                "versions": [
                    "versions.yml:md5,2c02f5f3103ee1532c27f7f3b873a578"
                ]
            }
        ],
        "timestamp": "2024-07-30T13:46:37.183992"
    },
    "neoantigenutils_formatnetmhcpan - output(MUT,netmhcpanstab) - tsv": {
        "content": [
            {
                "0": [
                    [
                        {
                            "id": "test",
                            "typeMut": true,
                            "fromStab": true
                        },
                        "test_netmHCstabpanoutput.MUT.tsv:md5,246eb723691371ad49bd080071475740"
                    ]
                ],
                "1": [
                    "versions.yml:md5,2c02f5f3103ee1532c27f7f3b873a578"
                ],
                "netMHCpanreformatted": [
                    [
                        {
                            "id": "test",
                            "typeMut": true,
                            "fromStab": true
                        },
                        "test_netmHCstabpanoutput.MUT.tsv:md5,246eb723691371ad49bd080071475740"
                    ]
                ],
                "versions": [
                    "versions.yml:md5,2c02f5f3103ee1532c27f7f3b873a578"
                ]
            }
        ],
        "timestamp": "2024-07-30T13:46:47.110076"
    },
    "neoantigenutils_formatnetmhcpan - output(WT,netmhcpanstab) - tsv": {
        "content": [
            {
                "0": [
                    [
                        {
                            "id": "test",
                            "typeMut": false,
                            "fromStab": false
                        },
                        "test_netmHCpanoutput.WT.tsv:md5,b95a6624d4010eb6517ca880a13e670d"
                    ]
                ],
                "1": [
                    "versions.yml:md5,2c02f5f3103ee1532c27f7f3b873a578"
                ],
                "netMHCpanreformatted": [
                    [
                        {
                            "id": "test",
                            "typeMut": false,
                            "fromStab": false
                        },
                        "test_netmHCpanoutput.WT.tsv:md5,b95a6624d4010eb6517ca880a13e670d"
                    ]
                ],
                "versions": [
                    "versions.yml:md5,2c02f5f3103ee1532c27f7f3b873a578"
                ]
            }
        ],
        "timestamp": "2024-07-30T13:46:56.841519"
    }
}