{
    "neoantigenediting_aligntoiedb - json - stub": {
        "content": [
            [
                "versions.yml:md5,7b9f002bbba367b73f0a5f713c40d927"
            ],
            {
                "0": [
                    [
                        {
                            "id": "test",
                            "single_end": false
                        },
                        "iedb_alignments_example.txt:md5,d41d8cd98f00b204e9800998ecf8427e"
                    ]
                ],
                "1": [
                    "versions.yml:md5,7b9f002bbba367b73f0a5f713c40d927"
                ],
                "iedb_alignment": [
                    [
                        {
                            "id": "test",
                            "single_end": false
                        },
                        "iedb_alignments_example.txt:md5,d41d8cd98f00b204e9800998ecf8427e"
                    ]
                ],
                "versions": [
                    "versions.yml:md5,7b9f002bbba367b73f0a5f713c40d927"
                ]
            }
        ],
        "timestamp": "2026-08-27T14:34:20.912491268",
        "meta": {
            "nf-test": "0.9.5",
            "nextflow": "26.04.6"
        }
    },
    "neoantigenediting_aligntoiedb - json": {
        "content": [
            [
                "versions.yml:md5,7b9f002bbba367b73f0a5f713c40d927"
            ],
            "iedb_alignments_3-OLTS.txt"
        ],
        "timestamp": "2026-08-27T14:34:15.593062961",
        "meta": {
            "nf-test": "0.9.5",
            "nextflow": "26.04.6"
        }
    }
}