{
    "neosv - fa": {
        "content": [
            [
                "versions.yml:md5,1d203387ca616b0fa7b43ad9181a3375"
            ],
            [
                [
                    {
                        "id": "test",
                        "single_end": false
                    },
                    [
                        "test.WT.net.in.txt:md5,dc236f5aa955bb6087c8e713d2c8d2f4",
                        "test.net.in.txt:md5,646a1666817d924b926c0b3bd6f58af3"
                    ]
                ]
            ],
            [
                [
                    {
                        "id": "test",
                        "single_end": false
                    },
                    "test.WT.net.in.txt:md5,dc236f5aa955bb6087c8e713d2c8d2f4"
                ]
            ]
        ],
        "meta": {
            "nf-test": "0.9.0",
            "nextflow": "24.04.4"
        },
        "timestamp": "2024-08-27T11:59:59.477226567"
    },
    "neosv - fa - stub": {
        "content": [
            [
                "versions.yml:md5,b970b6b530af12cc2f05bba7747125ee"
            ],
            [
                [
                    {
                        "id": "test",
                        "single_end": false
                    },
                    [
                        "test.WT.net.in.txt:md5,d41d8cd98f00b204e9800998ecf8427e",
                        "test.net.in.txt:md5,d41d8cd98f00b204e9800998ecf8427e"
                    ]
                ]
            ],
            [
                [
                    {
                        "id": "test",
                        "single_end": false
                    },
                    "test.WT.net.in.txt:md5,d41d8cd98f00b204e9800998ecf8427e"
                ]
            ]
        ],
        "meta": {
            "nf-test": "0.9.0",
            "nextflow": "24.04.4"
        },
        "timestamp": "2024-08-27T12:00:07.449738079"
    }
}