{
    "hlahd - fastq pair - stub": {
        "content": [
            [
                "versions.yml:md5,f196d451477cda61837f7cfb2ed3c9b4"
            ]
        ],
        "timestamp": "2026-03-05T16:10:44.004384",
        "meta": {
            "nf-test": "0.9.2",
            "nextflow": "25.10.4"
        }
    },
    "hlahd - fastq pair - result txt": {
        "content": [
            [
                [
                    {
                        "id": "test_sample",
                        "single_end": false
                    },
                    [
                        "A\tHLA-A*01:01:01\tHLA-A*29:02:01"
                    ]
                ]
            ],
            [
                "versions.yml:md5,f196d451477cda61837f7cfb2ed3c9b4"
            ]
        ],
        "timestamp": "2026-05-14T11:55:00.000000",
        "meta": {
            "nf-test": "0.9.4",
            "nextflow": "25.10.4"
        }
    }
}
