{
    "hlahd - fastq pair - stub": {
        "content": [
            [
                "versions.yml:md5,f196d451477cda61837f7cfb2ed3c9b4"
            ]
        ],
        "timestamp": "2026-03-05T16:10:44.004384",
        "meta": {
            "nf-test": "0.9.2",
            "nextflow": "25.10.4"
        }
    },
    "hlahd - fastq pair - result txt": {
        "content": [
            [
                [
                    {
                        "id": "test_sample",
                        "single_end": false
                    },
                    "test_sample_final.result.txt:md5,6f83fc8ac5bd3b9f56853b583595e2a0"
                ]
            ],
            [
                "versions.yml:md5,f196d451477cda61837f7cfb2ed3c9b4"
            ]
        ],
        "timestamp": "2026-03-09T11:03:42.014639",
        "meta": {
            "nf-test": "0.9.4",
            "nextflow": "25.10.4"
        }
    }
}