{
    "neoantigenediting_computefitness - json - stub": {
        "content": [
            [
                "versions.yml:md5,b2f0e6179131a713c93afa9a4acf2330"
            ],
            {
                "0": [
                    [
                        {
                            "id": "test",
                            "single_end": false
                        },
                        "test_annotated.json:md5,d41d8cd98f00b204e9800998ecf8427e"
                    ]
                ],
                "1": [
                    "versions.yml:md5,b2f0e6179131a713c93afa9a4acf2330"
                ],
                "annotated_output": [
                    [
                        {
                            "id": "test",
                            "single_end": false
                        },
                        "test_annotated.json:md5,d41d8cd98f00b204e9800998ecf8427e"
                    ]
                ],
                "versions": [
                    "versions.yml:md5,b2f0e6179131a713c93afa9a4acf2330"
                ]
            }
        ],
        "timestamp": "2026-08-27T14:32:58.264890185",
        "meta": {
            "nf-test": "0.9.5",
            "nextflow": "26.04.6"
        }
    },
    "neoantigenediting_computefitness - json": {
        "content": [
            [
                "versions.yml:md5,b2f0e6179131a713c93afa9a4acf2330"
            ],
            "3_OLTS_primary_tumor_annotated.json"
        ],
        "timestamp": "2026-08-27T14:32:52.720923962",
        "meta": {
            "nf-test": "0.9.5",
            "nextflow": "26.04.6"
        }
    }
}