{
    "neoantigenediting_computeFitness - json": {
        "content": [
            {
                "0": [
                    [
                        {
                            "id": "test",
                            "single_end": false
                        },
                        "3_OLTS_primary_tumor_annotated.json:md5,0f0e50ba3cb33df2bcd5e39cf901dc2e"
                    ]
                ],
                "1": [
                    "versions.yml:md5,e535d03b1366a3bee2e96c63a942b180"
                ],
                "iedb_alignment": [
                    [
                        {
                            "id": "test",
                            "single_end": false
                        },
                        "3_OLTS_primary_tumor_annotated.json:md5,0f0e50ba3cb33df2bcd5e39cf901dc2e"
                    ]
                ],
                "versions": [
                    "versions.yml:md5,e535d03b1366a3bee2e96c63a942b180"
                ]
            }
        ],
        "timestamp": "2024-03-20T15:42:51.713144"
    },
    "neoantigenediting_computeFitness - json - stub": {
        "content": [
            {
                "0": [
                    [
                        {
                            "id": "test",
                            "single_end": false
                        },
                        "patient_data_annotated.json:md5,d41d8cd98f00b204e9800998ecf8427e"
                    ]
                ],
                "1": [
                    "versions.yml:md5,e535d03b1366a3bee2e96c63a942b180"
                ],
                "iedb_alignment": [
                    [
                        {
                            "id": "test",
                            "single_end": false
                        },
                        "patient_data_annotated.json:md5,d41d8cd98f00b204e9800998ecf8427e"
                    ]
                ],
                "versions": [
                    "versions.yml:md5,e535d03b1366a3bee2e96c63a942b180"
                ]
            }
        ],
        "timestamp": "2024-03-20T15:42:57.307963"
    }
}