{
    "phylowgs_writeresults - zip - stub": {
        "content": [
            [
                "versions.yml:md5,8086e5f53a405f7cf81f7743d1721ea5"
            ],
            "test.summ.json.gz",
            "test.muts.json.gz",
            "test.mutass.zip"
        ],
        "timestamp": "2026-09-03T13:35:37.737256793",
        "meta": {
            "nf-test": "0.9.5",
            "nextflow": "26.04.6"
        }
    },
    "phylowgs_writeresults - zip": {
        "content": [
            [
                "versions.yml:md5,8086e5f53a405f7cf81f7743d1721ea5"
            ],
            "test.summ.json.gz",
            "test.muts.json.gz",
            "test.mutass.zip"
        ],
        "timestamp": "2026-09-03T13:35:32.42041418",
        "meta": {
            "nf-test": "0.9.5",
            "nextflow": "26.04.6"
        }
    }
}