{
    "sarscov2 - bam - single_end - with patient - fingerprintmislabels runs": {
        "content": [
            [
                [
                    {
                        "id": "all"
                    },
                    "all_unexpected_match.txt:md5,2db9ebf03a048e6aab1e5d51e7457429"
                ]
            ],
            [
                [
                    {
                        "id": "all"
                    },
                    "all_unexpected_mismatch.txt:md5,c5824b697fe80bcaccc43d466150866b"
                ]
            ]
        ],
        "timestamp": "2026-03-26T10:17:37.524850124",
        "meta": {
            "nf-test": "0.9.5",
            "nextflow": "26.01.1"
        }
    },
    "sarscov2 - bam - single_end - no patient - fingerprintmislabels skipped": {
        "content": [
            [
                [
                    {
                        "id": "all"
                    },
                    "0DPfilter_ALL_FP.txt:md5,66113c255cf1f52e27802183764a406d"
                ]
            ]
        ],
        "timestamp": "2026-03-26T10:17:13.331779222",
        "meta": {
            "nf-test": "0.9.5",
            "nextflow": "26.01.1"
        }
    }
}