{
    "sarscov2 - bam - single_end": {
        "content": [
            {
                "0": [
                    [
                        {
                            "id": ""
                        },
                        "0DPfilter_ALL_FP.txt:md5,66113c255cf1f52e27802183764a406d"
                    ]
                ],
                "combined_fp_tsv": [
                    [
                        {
                            "id": ""
                        },
                        "0DPfilter_ALL_FP.txt:md5,66113c255cf1f52e27802183764a406d"
                    ]
                ]
            }
        ],
        "meta": {
            "nf-test": "0.9.3",
            "nextflow": "26.01.1"
        },
        "timestamp": "2026-02-26T22:07:57.665276743"
    }
}