{
    "illumina - bam - stub": {
        "content": [
            {
                "0": [
                    [
                        {
                            "id": "197",
                            "patient": "c-id"
                        },
                        [
                            "197_1-DUPLEX_genotyped.maf:md5,d41d8cd98f00b204e9800998ecf8427e",
                            "197_1-ORG-SIMPLEX-DUPLEX_genotyped.maf:md5,d41d8cd98f00b204e9800998ecf8427e",
                            "197_1-SIMPLEX-DUPLEX_genotyped.maf:md5,d41d8cd98f00b204e9800998ecf8427e",
                            "197_1-SIMPLEX_genotyped.maf:md5,d41d8cd98f00b204e9800998ecf8427e"
                        ]
                    ]
                ],
                "1": [
                    "versions.yml:md5,55fd807cb50fcc6611e6d352b86e4704"
                ],
                "maf": [
                    [
                        {
                            "id": "197",
                            "patient": "c-id"
                        },
                        [
                            "197_1-DUPLEX_genotyped.maf:md5,d41d8cd98f00b204e9800998ecf8427e",
                            "197_1-ORG-SIMPLEX-DUPLEX_genotyped.maf:md5,d41d8cd98f00b204e9800998ecf8427e",
                            "197_1-SIMPLEX-DUPLEX_genotyped.maf:md5,d41d8cd98f00b204e9800998ecf8427e",
                            "197_1-SIMPLEX_genotyped.maf:md5,d41d8cd98f00b204e9800998ecf8427e"
                        ]
                    ]
                ],
                "versions": [
                    "versions.yml:md5,55fd807cb50fcc6611e6d352b86e4704"
                ]
            }
        ],
        "meta": {
            "nf-test": "0.9.0",
            "nextflow": "24.04.2"
        },
        "timestamp": "2024-09-10T12:26:33.218701111"
    },
    "illumina - bam, msk - maf": {
        "content": [
            {
                "0": [
                    [
                        {
                            "id": "197",
                            "patient": "c-id"
                        },
                        [
                            "197-ORG-STD_genotyped.maf:md5,e430edb08476cf771fdb608b646ccfb7",
                            "197-STANDARD_genotyped.maf:md5,6c0649cfd70ceb0587827f48bf93caf7"
                        ]
                    ]
                ],
                "1": [
                    "versions.yml:md5,55fd807cb50fcc6611e6d352b86e4704"
                ],
                "maf": [
                    [
                        {
                            "id": "197",
                            "patient": "c-id"
                        },
                        [
                            "197-ORG-STD_genotyped.maf:md5,e430edb08476cf771fdb608b646ccfb7",
                            "197-STANDARD_genotyped.maf:md5,6c0649cfd70ceb0587827f48bf93caf7"
                        ]
                    ]
                ],
                "versions": [
                    "versions.yml:md5,55fd807cb50fcc6611e6d352b86e4704"
                ]
            }
        ],
        "meta": {
            "nf-test": "0.9.0",
            "nextflow": "24.04.2"
        },
        "timestamp": "2024-09-10T12:26:15.839290052"
    },
    "illumina - duplex and simplex, msk - maf": {
        "content": [
            {
                "0": [
                    [
                        {
                            "id": "197",
                            "patient": "c-id"
                        },
                        [
                            "197-DUPLEX_genotyped.maf:md5,6c0649cfd70ceb0587827f48bf93caf7",
                            "197-ORG-SIMPLEX-DUPLEX_genotyped.maf:md5,6f37d4e00ab92ce623bd286f6804f30a",
                            "197-SIMPLEX-DUPLEX_genotyped.maf:md5,6d6c71cdf73e74c10fcb68e477a4455f",
                            "197-SIMPLEX_genotyped.maf:md5,6c0649cfd70ceb0587827f48bf93caf7"
                        ]
                    ]
                ],
                "1": [
                    "versions.yml:md5,55fd807cb50fcc6611e6d352b86e4704"
                ],
                "maf": [
                    [
                        {
                            "id": "197",
                            "patient": "c-id"
                        },
                        [
                            "197-DUPLEX_genotyped.maf:md5,6c0649cfd70ceb0587827f48bf93caf7",
                            "197-ORG-SIMPLEX-DUPLEX_genotyped.maf:md5,6f37d4e00ab92ce623bd286f6804f30a",
                            "197-SIMPLEX-DUPLEX_genotyped.maf:md5,6d6c71cdf73e74c10fcb68e477a4455f",
                            "197-SIMPLEX_genotyped.maf:md5,6c0649cfd70ceb0587827f48bf93caf7"
                        ]
                    ]
                ],
                "versions": [
                    "versions.yml:md5,55fd807cb50fcc6611e6d352b86e4704"
                ]
            }
        ],
        "meta": {
            "nf-test": "0.9.0",
            "nextflow": "24.04.2"
        },
        "timestamp": "2024-09-10T12:26:25.446092565"
    }
}