{
    "vcf2maf - test": {
        "content": [
            {
                "0": [
                    [
                        {
                            "id": "test"
                        },
                        "test.maf:md5,548723a34b74a614b654bc8abff855eb"
                    ]
                ],
                "1": [
                    "versions.yml:md5,dc4c88b6cebf51af905b5f4d5fa16152"
                ],
                "maf": [
                    [
                        {
                            "id": "test"
                        },
                        "test.maf:md5,548723a34b74a614b654bc8abff855eb"
                    ]
                ],
                "versions": [
                    "versions.yml:md5,dc4c88b6cebf51af905b5f4d5fa16152"
                ]
            }
        ],
        "timestamp": "2024-04-03T13:53:02.512965"
    },
    "vcf2maf - test - stub": {
        "content": [
            {
                "0": [
                    [
                        {
                            "id": "test"
                        },
                        "test.maf:md5,d41d8cd98f00b204e9800998ecf8427e"
                    ]
                ],
                "1": [
                    "versions.yml:md5,dc4c88b6cebf51af905b5f4d5fa16152"
                ],
                "maf": [
                    [
                        {
                            "id": "test"
                        },
                        "test.maf:md5,d41d8cd98f00b204e9800998ecf8427e"
                    ]
                ],
                "versions": [
                    "versions.yml:md5,dc4c88b6cebf51af905b5f4d5fa16152"
                ]
            }
        ],
        "timestamp": "2024-04-03T13:53:05.988213"
    }
}