{
    "vcf2maf-test": {
        "content": [
            {
                "0": [
                    
                ],
                "1": [
                    
                ],
                "maf": [
                    
                ],
                "versions": [
                    
                ]
            }
        ],
        "meta": {
            "nf-test": "0.8.4",
            "nextflow": "23.10.1"
        },
        "timestamp": "2024-02-27T14:50:20.46485"
    },
    "vcf2maf-test-stub": {
        "content": [
            {
                "0": [
                    
                ],
                "1": [
                    
                ],
                "maf": [
                    
                ],
                "versions": [
                    
                ]
            }
        ],
        "meta": {
            "nf-test": "0.8.4",
            "nextflow": "23.10.1"
        },
        "timestamp": "2024-02-27T14:50:23.420767"
    }
}