{
    "hlahd_from_bam - bam - stub": {
        "content": [
            {
                "id": "test_sample",
                "single_end": false
            },
            "test_sample_final.result.txt",
            [
                "versions.yml:md5,e0264ab44efbd0fd97853a90160075a1"
            ]
        ],
        "timestamp": "2026-04-27T18:18:22.295121",
        "meta": {
            "nf-test": "0.9.4",
            "nextflow": "25.10.4"
        }
    },
    "hlahd_from_bam - bam - skip revert sam - result": {
        "content": [
            [
                [
                    {
                        "id": "test_sample",
                        "single_end": false
                    },
                    "test_sample_final.result.txt:md5,f2b54c8bd837ded981cd239a53351ab7"
                ]
            ],
            [
                "versions.yml:md5,e0264ab44efbd0fd97853a90160075a1"
            ]
        ],
        "timestamp": "2026-04-27T18:17:36.980299",
        "meta": {
            "nf-test": "0.9.4",
            "nextflow": "25.10.4"
        }
    },
    "hlahd_from_bam - bam - with revert sam - result": {
        "content": [
            [
                [
                    {
                        "id": "test_sample",
                        "single_end": false
                    },
                    "test_sample_final.result.txt:md5,7ba486d37cd952b3ceff6d2f72cbcd58"
                ]
            ],
            [
                "versions.yml:md5,e0264ab44efbd0fd97853a90160075a1"
            ]
        ],
        "timestamp": "2026-05-08T18:22:29.933926",
        "meta": {
            "nf-test": "0.9.4",
            "nextflow": "25.10.4"
        }
    }
}