{
    "hlahd_from_bam - bam - stub": {
        "content": [
            {
                "id": "test_sample",
                "single_end": false
            },
            "test_sample_final.result.txt",
            [
                "versions.yml:md5,e0264ab44efbd0fd97853a90160075a1"
            ]
        ],
        "timestamp": "2026-04-27T18:18:22.295121",
        "meta": {
            "nf-test": "0.9.4",
            "nextflow": "25.10.4"
        }
    },
    "hlahd_from_bam - bam - skip revert sam - result": {
        "content": [
            [
                [
                    {
                        "id": "test_sample",
                        "single_end": false
                    },
                    "test_sample_final.result.txt:md5,f2b54c8bd837ded981cd239a53351ab7"
                ]
            ],
            [
                "versions.yml:md5,e0264ab44efbd0fd97853a90160075a1"
            ]
        ],
        "timestamp": "2026-04-27T18:17:36.980299",
        "meta": {
            "nf-test": "0.9.4",
            "nextflow": "25.10.4"
        }
    },
    "hlahd_from_bam - bam - with revert sam - result": {
        "content": [
            [
                [
                    {
                        "id": "test_sample",
                        "single_end": false
                    },
                    "test_sample_final.result.txt:md5,e51e94f442d3f7d775ffb8e8c113fb95"
                ]
            ],
            [
                "versions.yml:md5,e0264ab44efbd0fd97853a90160075a1"
            ]
        ],
        "timestamp": "2026-04-27T18:15:51.303141",
        "meta": {
            "nf-test": "0.9.4",
            "nextflow": "25.10.4"
        }
    }
}