{
    "neoantigenutils_neoantigeninput - json,tsv - stub": {
        "content": [
            {
                "0": [
                    [
                        {
                            "id": "test",
                            "single_end": false
                        },
                        "test_patient_test_.json:md5,d41d8cd98f00b204e9800998ecf8427e"
                    ]
                ],
                "1": [
                    "versions.yml:md5,b1ca72058f4fe0026162655cee0b19cf"
                ],
                "json": [
                    [
                        {
                            "id": "test",
                            "single_end": false
                        },
                        "test_patient_test_.json:md5,d41d8cd98f00b204e9800998ecf8427e"
                    ]
                ],
                "versions": [
                    "versions.yml:md5,b1ca72058f4fe0026162655cee0b19cf"
                ]
            }
        ],
        "timestamp": "2024-06-17T13:50:42.639559"
    },
    "neoantigenutils_neoantigeninput - json,tsv": {
        "content": [
            {
                "0": [
                    [
                        {
                            "id": "test",
                            "single_end": false
                        },
                        "test_patient_test_.json:md5,a4442316ba2b6f404b8eb42dd6558eae"
                    ]
                ],
                "1": [
                    "versions.yml:md5,b1ca72058f4fe0026162655cee0b19cf"
                ],
                "json": [
                    [
                        {
                            "id": "test",
                            "single_end": false
                        },
                        "test_patient_test_.json:md5,a4442316ba2b6f404b8eb42dd6558eae"
                    ]
                ],
                "versions": [
                    "versions.yml:md5,b1ca72058f4fe0026162655cee0b19cf"
                ]
            }
        ],
        "timestamp": "2024-06-17T13:50:36.39929"
    }
}