{
    "sarscov2 - bam": {
        "content": [
            {
                "0": [
                    [
                        {
                            "id": "test",
                            "sample": "test"
                        },
                        "test.fp.tsv:md5,9fa9a081f17ee52f03463c96d46a23aa"
                    ]
                ],
                "1": [
                    "versions.yml:md5,41ff30ed71b1d19e95a6095b9ac3ca94",
                    "versions.yml:md5,4b4b3ad40aa1c2c3a002c0c347c385b8"
                ],
                "fp_tsv": [
                    [
                        {
                            "id": "test",
                            "sample": "test"
                        },
                        "test.fp.tsv:md5,9fa9a081f17ee52f03463c96d46a23aa"
                    ]
                ],
                "versions": [
                    "versions.yml:md5,41ff30ed71b1d19e95a6095b9ac3ca94",
                    "versions.yml:md5,4b4b3ad40aa1c2c3a002c0c347c385b8"
                ]
            }
        ],
        "meta": {
            "nf-test": "0.9.2",
            "nextflow": "25.04.6"
        },
        "timestamp": "2025-08-14T19:50:44.771060618"
    }
}