{
    "rna - fastq - stub": {
        "content": [
            [
                "versions.yml:md5,3192b5ea8153bdf0e2c3139a92abcac3"
            ],
            129
        ],
        "timestamp": "2024-07-01T12:49:41.296711"
    },
    "rna - fastq": {
        "content": [
            [
                "versions.yml:md5,3192b5ea8153bdf0e2c3139a92abcac3"
            ],
            129
        ],
        "timestamp": "2024-07-01T12:49:34.347766"
    }
}