{
    "sarscov2 illumina  paired-end [fastq]": {
        "content": [
            {
                "0": [
                    [
                        {
                            "id": "test",
                            "sample": "197"
                        },
                        "variant_file.vcf:md5,28c8df33c7ea5ed5d1cf9997d8e00ffa"
                    ]
                ],
                "1": [
                    "versions.yml:md5,6535cf09d044ae75e3488ee05a7fca46"
                ],
                "variant_file": [
                    [
                        {
                            "id": "test",
                            "sample": "197"
                        },
                        "variant_file.vcf:md5,28c8df33c7ea5ed5d1cf9997d8e00ffa"
                    ]
                ],
                "versions": [
                    "versions.yml:md5,6535cf09d044ae75e3488ee05a7fca46"
                ]
            }
        ],
        "timestamp": "2026-08-26T14:14:19.019020511",
        "meta": {
            "nf-test": "0.9.5",
            "nextflow": "26.04.6"
        }
    }
}