{
    "neoantigenutils_generatehlastring - hla - string - stub": {
        "content": [
            {
                "0": [
                    [
                        {
                            "id": "test",
                            "single_end": false
                        },
                        "HLA-test:01,HLA-test2:02\n"
                    ]
                ],
                "1": [
                    "versions.yml:md5,aa3e1fbb3d2a530619b649d0adb9ce5a"
                ],
                "hlastring": [
                    [
                        {
                            "id": "test",
                            "single_end": false
                        },
                        "HLA-test:01,HLA-test2:02\n"
                    ]
                ],
                "versions": [
                    "versions.yml:md5,aa3e1fbb3d2a530619b649d0adb9ce5a"
                ]
            }
        ],
        "meta": {
            "nf-test": "0.9.2",
            "nextflow": "25.09.0"
        },
        "timestamp": "2026-08-11T16:23:32.75823"
    },
    "neoantigenutils_generatehlastring - hla - string": {
        "content": [
            {
                "0": [
                    [
                        {
                            "id": "test",
                            "single_end": false
                        },
                        "HLA-A24:02,HLA-A24:02,HLA-B39:01,HLA-B39:01,HLA-C07:01,HLA-C06:02\n"
                    ]
                ],
                "1": [
                    "versions.yml:md5,aa3e1fbb3d2a530619b649d0adb9ce5a"
                ],
                "hlastring": [
                    [
                        {
                            "id": "test",
                            "single_end": false
                        },
                        "HLA-A24:02,HLA-A24:02,HLA-B39:01,HLA-B39:01,HLA-C07:01,HLA-C06:02\n"
                    ]
                ],
                "versions": [
                    "versions.yml:md5,aa3e1fbb3d2a530619b649d0adb9ce5a"
                ]
            }
        ],
        "meta": {
            "nf-test": "0.9.2",
            "nextflow": "25.09.0"
        },
        "timestamp": "2026-08-11T16:23:18.712511"
    }
}