{
    "netmhcpan4 - WT - xls,output,fa": {
        "content": [
            [
                "versions.yml:md5,25030ae1a63e68bd94347a4d30cc2413"
            ],
            {
                "id": "test",
                "single_end": false,
                "typeMut": false,
                "fromStab": false,
                "fromPan": true
            },
            "test.WT.xls",
            "test.WT.netmhcpan.output"
        ],
        "meta": {
            "nf-test": "0.9.0",
            "nextflow": "24.04.4"
        },
        "timestamp": "2024-12-17T09:55:05.982792409"
    },
    "netmhcpan4 - MUT - xls,output,fa": {
        "content": [
            [
                "versions.yml:md5,25030ae1a63e68bd94347a4d30cc2413"
            ],
            {
                "id": "test",
                "single_end": false,
                "typeMut": true,
                "fromStab": false,
                "fromPan": true
            },
            "test.MUT.xls",
            "test.MUT.netmhcpan.output"
        ],
        "meta": {
            "nf-test": "0.9.0",
            "nextflow": "24.04.4"
        },
        "timestamp": "2024-12-17T09:50:25.440240126"
    },
    "netmhcpan4 - xls,output,fa - stub": {
        "content": [
            [
                "versions.yml:md5,25030ae1a63e68bd94347a4d30cc2413"
            ],
            {
                "id": "test",
                "single_end": false,
                "typeMut": true,
                "fromStab": false,
                "typePan": true
            },
            "test.MUT.xls",
            "test.MUT.netmhcpan.output"
        ],
        "meta": {
            "nf-test": "0.9.0",
            "nextflow": "24.04.4"
        },
        "timestamp": "2024-12-17T09:55:12.561294254"
    },
    "netmhcpan4 - MUT,SV - xls,output,fa": {
        "content": [
            [
                "versions.yml:md5,25030ae1a63e68bd94347a4d30cc2413"
            ],
            {
                "id": "test",
                "single_end": false,
                "typeMut": true,
                "fromStab": false,
                "fromPan": true
            },
            "test.MUT.xls",
            "test.MUT.netmhcpan.output"
        ],
        "meta": {
            "nf-test": "0.9.0",
            "nextflow": "24.04.4"
        },
        "timestamp": "2024-12-17T09:42:24.952790532"
    },
    "netmhcpan4 - WT,SV - xls,output,fa": {
        "content": [
            [
                "versions.yml:md5,25030ae1a63e68bd94347a4d30cc2413"
            ],
            {
                "id": "test",
                "single_end": false,
                "typeMut": false,
                "fromStab": false,
                "fromPan": true
            },
            "test.WT.xls",
            "test.WT.netmhcpan.output"
        ],
        "meta": {
            "nf-test": "0.9.0",
            "nextflow": "24.04.4"
        },
        "timestamp": "2024-12-17T09:47:58.298355664"
    }
}