{
    "phylowgsparsecnvs - txt": {
        "content": [
            {
                "0": [
                    
                ],
                "1": [
                    
                ],
                "cnv": [
                    
                ],
                "versions": [
                    
                ]
            }
        ],
        "meta": {
            "nf-test": "0.8.4",
            "nextflow": "23.10.1"
        },
        "timestamp": "2024-03-06T13:25:07.411262"
    }
}