{
    "phylowgs_parsecnvs - txt": {
        "content": [
            {
                "0": [
                    [
                        {
                            "id": "test",
                            "single_end": false
                        },
                        "cnvs.txt:md5,5ba8c1c06170c6d7ee9c18026b710154"
                    ]
                ],
                "1": [
                    "versions.yml:md5,3fad79b7762271d747946e18f665089c"
                ],
                "cnv": [
                    [
                        {
                            "id": "test",
                            "single_end": false
                        },
                        "cnvs.txt:md5,5ba8c1c06170c6d7ee9c18026b710154"
                    ]
                ],
                "versions": [
                    "versions.yml:md5,3fad79b7762271d747946e18f665089c"
                ]
            }
        ],
        "timestamp": "2024-06-11T18:02:28.983981"
    },
    "phylowgs_parsecnvs - txt - stub": {
        "content": [
            {
                "0": [
                    [
                        {
                            "id": "test",
                            "single_end": false
                        },
                        "cnvs.txt:md5,d41d8cd98f00b204e9800998ecf8427e"
                    ]
                ],
                "1": [
                    "versions.yml:md5,3fad79b7762271d747946e18f665089c"
                ],
                "cnv": [
                    [
                        {
                            "id": "test",
                            "single_end": false
                        },
                        "cnvs.txt:md5,d41d8cd98f00b204e9800998ecf8427e"
                    ]
                ],
                "versions": [
                    "versions.yml:md5,3fad79b7762271d747946e18f665089c"
                ]
            }
        ],
        "timestamp": "2024-06-11T18:02:36.26591"
    }
}