{
    "phylowgs_parsecnvs - txt": {
        "content": [
            {
                "0": [
                    [
                        {
                            "id": "test",
                            "single_end": false
                        },
                        "cnvs.txt:md5,2f7b4d8ceff8a9505c4b69e2b1e9ccc7"
                    ]
                ],
                "1": [
                    "versions.yml:md5,3fad79b7762271d747946e18f665089c"
                ],
                "cnv": [
                    [
                        {
                            "id": "test",
                            "single_end": false
                        },
                        "cnvs.txt:md5,2f7b4d8ceff8a9505c4b69e2b1e9ccc7"
                    ]
                ],
                "versions": [
                    "versions.yml:md5,3fad79b7762271d747946e18f665089c"
                ]
            }
        ],
        "timestamp": "2024-07-08T12:15:00.257251"
    },
    "phylowgs_parsecnvs - txt - stub": {
        "content": [
            {
                "0": [
                    [
                        {
                            "id": "test",
                            "single_end": false
                        },
                        "cnvs.txt:md5,d41d8cd98f00b204e9800998ecf8427e"
                    ]
                ],
                "1": [
                    "versions.yml:md5,3fad79b7762271d747946e18f665089c"
                ],
                "cnv": [
                    [
                        {
                            "id": "test",
                            "single_end": false
                        },
                        "cnvs.txt:md5,d41d8cd98f00b204e9800998ecf8427e"
                    ]
                ],
                "versions": [
                    "versions.yml:md5,3fad79b7762271d747946e18f665089c"
                ]
            }
        ],
        "timestamp": "2024-07-08T12:15:19.111149"
    }
}