{
    "generatemutfasta_1.2 - maf - fasta - stub": {
        "content": [
            {
                "0": [
                    [
                        {
                            "id": "test",
                            "single_end": false
                        },
                        "test.MUT.sequences.fa:md5,d41d8cd98f00b204e9800998ecf8427e"
                    ]
                ],
                "1": [
                    [
                        {
                            "id": "test",
                            "single_end": false
                        },
                        "test.WT.sequences.fa:md5,d41d8cd98f00b204e9800998ecf8427e"
                    ]
                ],
                "2": [
                    [
                        {
                            "id": "test",
                            "single_end": false
                        },
                        "test_generate_mut_fasta.log:md5,d41d8cd98f00b204e9800998ecf8427e"
                    ]
                ],
                "3": [
                    "versions.yml:md5,e653e8a2e136536d683b73afd3e0d00d"
                ],
                "mut_fasta": [
                    [
                        {
                            "id": "test",
                            "single_end": false
                        },
                        "test.MUT.sequences.fa:md5,d41d8cd98f00b204e9800998ecf8427e"
                    ]
                ],
                "mut_fasta_log": [
                    [
                        {
                            "id": "test",
                            "single_end": false
                        },
                        "test_generate_mut_fasta.log:md5,d41d8cd98f00b204e9800998ecf8427e"
                    ]
                ],
                "versions": [
                    "versions.yml:md5,e653e8a2e136536d683b73afd3e0d00d"
                ],
                "wt_fasta": [
                    [
                        {
                            "id": "test",
                            "single_end": false
                        },
                        "test.WT.sequences.fa:md5,d41d8cd98f00b204e9800998ecf8427e"
                    ]
                ]
            }
        ],
        "meta": {
            "nf-test": "0.9.3",
            "nextflow": "25.10.2"
        },
        "timestamp": "2025-12-18T16:08:27.448965"
    }
}