{
    "sarscov2 - bam - stub": {
        "content": [
            {
                "0": [
                    [
                        {
                            "id": "thispool"
                        },
                        "thispool_unexpected_match.pdf:md5,d41d8cd98f00b204e9800998ecf8427e"
                    ]
                ],
                "1": [
                    [
                        {
                            "id": "thispool"
                        },
                        "thispool_unexpected_match.txt:md5,d41d8cd98f00b204e9800998ecf8427e"
                    ]
                ],
                "2": [
                    [
                        {
                            "id": "thispool"
                        },
                        "thispool_unexpected_mismatch.pdf:md5,d41d8cd98f00b204e9800998ecf8427e"
                    ]
                ],
                "3": [
                    [
                        {
                            "id": "thispool"
                        },
                        "thispool_unexpected_mismatch.txt:md5,d41d8cd98f00b204e9800998ecf8427e"
                    ]
                ],
                "4": [
                    [
                        "FINGERPRINT_MISLABELS",
                        "unexpected_match_mismatch.R",
                        "0.1.0"
                    ]
                ],
                "unexpected_match_pdf": [
                    [
                        {
                            "id": "thispool"
                        },
                        "thispool_unexpected_match.pdf:md5,d41d8cd98f00b204e9800998ecf8427e"
                    ]
                ],
                "unexpected_match_txt": [
                    [
                        {
                            "id": "thispool"
                        },
                        "thispool_unexpected_match.txt:md5,d41d8cd98f00b204e9800998ecf8427e"
                    ]
                ],
                "unexpected_mismatch_pdf": [
                    [
                        {
                            "id": "thispool"
                        },
                        "thispool_unexpected_mismatch.pdf:md5,d41d8cd98f00b204e9800998ecf8427e"
                    ]
                ],
                "unexpected_mismatch_txt": [
                    [
                        {
                            "id": "thispool"
                        },
                        "thispool_unexpected_mismatch.txt:md5,d41d8cd98f00b204e9800998ecf8427e"
                    ]
                ],
                "versions_mislabels": [
                    [
                        "FINGERPRINT_MISLABELS",
                        "unexpected_match_mismatch.R",
                        "0.1.0"
                    ]
                ]
            }
        ],
        "timestamp": "2026-03-31T11:51:32.987116913",
        "meta": {
            "nf-test": "0.9.5",
            "nextflow": "26.01.1"
        }
    },
    "sarscov2 - bam": {
        "content": [
            [
                [
                    {
                        "id": null
                    },
                    "null_unexpected_match.txt:md5,14af9ffece921578088528e9c1663886"
                ]
            ],
            [
                [
                    {
                        "id": null
                    },
                    "null_unexpected_mismatch.txt:md5,d5c8b66fd71b1e4b20ee403d822cd7b9"
                ]
            ],
            [
                [
                    "FINGERPRINT_MISLABELS",
                    "unexpected_match_mismatch.R",
                    "0.1.0"
                ]
            ]
        ],
        "timestamp": "2026-03-31T11:51:27.508330482",
        "meta": {
            "nf-test": "0.9.5",
            "nextflow": "26.01.1"
        }
    }
}