{
    "netmhc3 - MUT,SV - xls,output,fa": {
        "content": [
            [
                "versions.yml:md5,41df6059e67545fe2fe2734514557bb7"
            ],
            {
                "id": "test",
                "single_end": false,
                "typeMut": true,
                "fromStab": false,
                "fromPan": false
            },
            "test.MUT.xls",
            "test.MUT.netmhc.output"
        ],
        "meta": {
            "nf-test": "0.9.0",
            "nextflow": "24.04.4"
        },
        "timestamp": "2024-12-17T12:08:28.261935482"
    },
    "netmhc3 - xls,output,fa - stub": {
        "content": [
            [
                "versions.yml:md5,41df6059e67545fe2fe2734514557bb7"
            ],
            {
                "id": "test",
                "single_end": false,
                "typeMut": true,
                "fromStab": false,
                "typePan": false
            },
            "test.MUT.xls",
            "test.MUT.netmhc.output"
        ],
        "meta": {
            "nf-test": "0.9.0",
            "nextflow": "24.04.4"
        },
        "timestamp": "2024-12-17T12:09:30.886623638"
    },
    "netmhc3 - WT,SV - xls,output,fa": {
        "content": [
            [
                "versions.yml:md5,41df6059e67545fe2fe2734514557bb7"
            ],
            {
                "id": "test",
                "single_end": false,
                "typeMut": false,
                "fromStab": false,
                "fromPan": false
            },
            "test.WT.xls",
            "test.WT.netmhc.output"
        ],
        "meta": {
            "nf-test": "0.9.0",
            "nextflow": "24.04.4"
        },
        "timestamp": "2024-12-17T12:08:47.429513751"
    },
    "netmhc3 - WT - xls,output,fa": {
        "content": [
            [
                "versions.yml:md5,41df6059e67545fe2fe2734514557bb7"
            ],
            {
                "id": "test",
                "single_end": false,
                "typeMut": false,
                "fromStab": false,
                "fromPan": false
            },
            "test.WT.xls",
            "test.WT.netmhc.output"
        ],
        "meta": {
            "nf-test": "0.9.0",
            "nextflow": "24.04.4"
        },
        "timestamp": "2024-12-17T12:09:21.112597962"
    },
    "netmhc3 - MUT - xls,output,fa": {
        "content": [
            [
                "versions.yml:md5,41df6059e67545fe2fe2734514557bb7"
            ],
            {
                "id": "test",
                "single_end": false,
                "typeMut": true,
                "fromStab": false,
                "fromPan": false
            },
            "test.MUT.xls",
            "test.MUT.netmhc.output"
        ],
        "meta": {
            "nf-test": "0.9.0",
            "nextflow": "24.04.4"
        },
        "timestamp": "2024-12-17T12:09:04.393123362"
    }
}