{
    "netmhc3 - xls,output,fa - stub": {
        "content": [
            [
                "versions.yml:md5,41df6059e67545fe2fe2734514557bb7"
            ],
            {
                "id": "test",
                "single_end": false,
                "typeMut": true,
                "fromStab": false,
                "typePan": false
            },
            "test.MUT.xls",
            "test.MUT.netmhc.output"
        ],
        "meta": {
            "nf-test": "0.9.2",
            "nextflow": "24.04.4"
        },
        "timestamp": "2024-11-21T10:38:26.592697"
    },
    "netmhc3 - WT - xls,output,fa": {
        "content": [
            [
                "versions.yml:md5,41df6059e67545fe2fe2734514557bb7"
            ],
            {
                "id": "test",
                "single_end": false,
                "typeMut": false,
                "fromStab": false,
                "typePan": false
            },
            "test.WT.xls",
            "test.WT.netmhc.output"
        ],
        "meta": {
            "nf-test": "0.9.2",
            "nextflow": "24.04.4"
        },
        "timestamp": "2024-11-21T10:38:23.460325"
    },
    "netmhc3 - MUT - xls,output,fa": {
        "content": [
            [
                "versions.yml:md5,41df6059e67545fe2fe2734514557bb7"
            ],
            {
                "id": "test",
                "single_end": false,
                "typeMut": true,
                "fromStab": false,
                "typePan": false
            },
            "test.MUT.xls",
            "test.MUT.netmhc.output"
        ],
        "meta": {
            "nf-test": "0.9.2",
            "nextflow": "24.04.4"
        },
        "timestamp": "2024-11-21T10:37:19.144708"
    }
}