{
    "netmhc3 - WT - xls,output,fa": {
        "content": [
            [
                "versions.yml:md5,35ec563839ee27410cf9f8d134c6e8e5"
            ],
            {
                "id": "test",
                "single_end": false,
                "typeMut": false,
                "fromStab": false
            },
            "test.WT.xls",
            "test.WT.netmhc.output"
        ],
        "meta": {
            "nf-test": "0.8.4",
            "nextflow": "24.04.2"
        },
        "timestamp": "2024-06-13T11:02:31.338253"
    },
    "netmhc3 - xls,output,fa - stub": {
        "content": [
            [
                "versions.yml:md5,35ec563839ee27410cf9f8d134c6e8e5"
            ],
            {
                "id": "test",
                "single_end": false,
                "typeMut": true,
                "fromStab": false
            },
            "test.MUT.xls",
            "test.MUT.netmhc.output"
        ],
        "meta": {
            "nf-test": "0.8.4",
            "nextflow": "24.04.2"
        },
        "timestamp": "2024-06-13T11:02:35.582061"
    },
    "netmhc3 - MUT - xls,output,fa": {
        "content": [
            [
                "versions.yml:md5,35ec563839ee27410cf9f8d134c6e8e5"
            ],
            {
                "id": "test",
                "single_end": false,
                "typeMut": true,
                "fromStab": false
            },
            "test.MUT.xls",
            "test.MUT.netmhc.output"
        ],
        "meta": {
            "nf-test": "0.8.4",
            "nextflow": "24.04.2"
        },
        "timestamp": "2024-06-13T11:02:12.753672"
    }
}
