{
    "sarscov2 illumina - vcf - stub": {
        "content": [
            {
                "0": [
                    [
                        {
                            "id": "test"
                        },
                        "test.normalized.tsv:md5,d41d8cd98f00b204e9800998ecf8427e"
                    ]
                ],
                "1": [
                    "versions.yml:md5,2e0066bf092cdd9574f383d862db42c9"
                ],
                "normalized": [
                    [
                        {
                            "id": "test"
                        },
                        "test.normalized.tsv:md5,d41d8cd98f00b204e9800998ecf8427e"
                    ]
                ],
                "versions": [
                    "versions.yml:md5,2e0066bf092cdd9574f383d862db42c9"
                ]
            }
        ],
        "timestamp": "2026-08-25T11:12:27.900622",
        "meta": {
            "nf-test": "0.9.5",
            "nextflow": "24.10.3"
        }
    }
}