{
    "sarscov2 illumina - vcf": {
        "content": [
            {
                "0": [
                    [
                        {
                            "id": "test"
                        },
                        "test.normalized.tsv:md5,292c3a20d32eadc93f4402a99b8d409b"
                    ]
                ],
                "1": [
                    "versions.yml:md5,2e0066bf092cdd9574f383d862db42c9"
                ],
                "normalized": [
                    [
                        {
                            "id": "test"
                        },
                        "test.normalized.tsv:md5,292c3a20d32eadc93f4402a99b8d409b"
                    ]
                ],
                "versions": [
                    "versions.yml:md5,2e0066bf092cdd9574f383d862db42c9"
                ]
            }
        ],
        "timestamp": "2026-08-26T13:42:11.315734263",
        "meta": {
            "nf-test": "0.9.5",
            "nextflow": "26.04.6"
        }
    }
}