{
    "neoantigen_editing - json - stub": {
        "content": [
            [
                "versions.yml:md5,03ac4fd1eeae826979dfbed8a7b3186c",
                "versions.yml:md5,3ce37ca54350a7f641e05f0de9f87f7f"
            ],
            "patient_data_annotated.json"
        ],
        "timestamp": "2024-06-19T14:59:58.874516"
    },
    "neoantigen_editing - json": {
        "content": [
            [
                "versions.yml:md5,03ac4fd1eeae826979dfbed8a7b3186c",
                "versions.yml:md5,3ce37ca54350a7f641e05f0de9f87f7f"
            ],
            "3_OLTS_primary_tumor_annotated.json"
        ],
        "timestamp": "2024-06-19T14:59:52.198482"
    }
}