{
    "netmhcstabpan - MUT - xls,output,fa": {
        "content": [
            [
                "versions.yml:md5,d1b3afd365748a44098c5642fad6c94a"
            ],
            {
                "id": "test",
                "single_end": false,
                "typeMut": true,
                "fromStab": true,
                "typePan": true
            },
            "test.MUT.netmhcstabpan.output"
        ],
        "meta": {
            "nf-test": "0.9.2",
            "nextflow": "24.04.4"
        },
        "timestamp": "2024-11-21T11:29:22.688222"
    },
    "netmhcstabpan - xls,output,fa - stub": {
        "content": [
            [
                "versions.yml:md5,d1b3afd365748a44098c5642fad6c94a"
            ],
            {
                "id": "test",
                "single_end": false,
                "typeMut": true,
                "fromStab": true,
                "typePan": true
            },
            "test.MUT.netmhcstabpan.output"
        ],
        "meta": {
            "nf-test": "0.9.2",
            "nextflow": "24.04.4"
        },
        "timestamp": "2024-11-21T11:36:00.621649"
    },
    "netmhcstabpan - WT - xls,output,fa": {
        "content": [
            [
                "versions.yml:md5,d1b3afd365748a44098c5642fad6c94a"
            ],
            {
                "id": "test",
                "single_end": false,
                "typeMut": false,
                "fromStab": true,
                "typePan": true
            },
            "test.WT.netmhcstabpan.output"
        ],
        "meta": {
            "nf-test": "0.9.2",
            "nextflow": "24.04.4"
        },
        "timestamp": "2024-11-21T11:35:57.31425"
    }
}