{
    "netmhcstabpan - MUT - xls,output,fa": {
        "content": [
            [
                "versions.yml:md5,d1b3afd365748a44098c5642fad6c94a"
            ],
            {
                "id": "test",
                "single_end": false,
                "typeMut": true,
                "fromStab": true
            },
            "test.MUT.netmhcstabpan.output"
        ],
        "timestamp": "2024-05-03T13:50:44.248587"
    },
    "netmhcstabpan - xls,output,fa - stub": {
        "content": [
            [
                "versions.yml:md5,d1b3afd365748a44098c5642fad6c94a"
            ],
            {
                "id": "test",
                "single_end": false,
                "typeMut": true,
                "fromStab": true
            },
            "test.MUT.netmhcstabpan.output"
        ],
        "timestamp": "2024-05-03T13:53:19.42398"
    },
    "netmhcstabpan - WT - xls,output,fa": {
        "content": [
            [
                "versions.yml:md5,d1b3afd365748a44098c5642fad6c94a"
            ],
            {
                "id": "test",
                "single_end": false,
                "typeMut": false,
                "fromStab": true
            },
            "test.WT.netmhcstabpan.output"
        ],
        "timestamp": "2024-05-03T13:51:05.084375"
    }
}