{
    "sarscov2 - bam - stub": {
        "content": [
            {
                "0": [
                    [
                        {
                            "id": "test",
                            "sample": "test"
                        },
                        "test.contamination.tsv:md5,d41d8cd98f00b204e9800998ecf8427e"
                    ]
                ],
                "1": [
                    [
                        "FINGERPRINT_CONTAMINATION",
                        "calculate_contamination.py",
                        ""
                    ]
                ],
                "contamination_tsv": [
                    [
                        {
                            "id": "test",
                            "sample": "test"
                        },
                        "test.contamination.tsv:md5,d41d8cd98f00b204e9800998ecf8427e"
                    ]
                ],
                "versions_contamination": [
                    [
                        "FINGERPRINT_CONTAMINATION",
                        "calculate_contamination.py",
                        ""
                    ]
                ]
            }
        ],
        "timestamp": "2026-03-31T11:55:42.453612823",
        "meta": {
            "nf-test": "0.9.5",
            "nextflow": "26.01.1"
        }
    },
    "sarscov2 - bam": {
        "content": [
            {
                "0": [
                    [
                        {
                            "id": "test",
                            "sample": "test"
                        },
                        "test.contamination.tsv:md5,5b533c60b8eff1f4d2c5fe58a8262303"
                    ]
                ],
                "1": [
                    [
                        "FINGERPRINT_CONTAMINATION",
                        "calculate_contamination.py",
                        ""
                    ]
                ],
                "contamination_tsv": [
                    [
                        {
                            "id": "test",
                            "sample": "test"
                        },
                        "test.contamination.tsv:md5,5b533c60b8eff1f4d2c5fe58a8262303"
                    ]
                ],
                "versions_contamination": [
                    [
                        "FINGERPRINT_CONTAMINATION",
                        "calculate_contamination.py",
                        ""
                    ]
                ]
            }
        ],
        "timestamp": "2026-03-31T11:55:33.454910171",
        "meta": {
            "nf-test": "0.9.5",
            "nextflow": "26.01.1"
        }
    }
}