{
    "test - vcf - normal": {
        "content": [
            {
                "0": [
                    
                ],
                "1": [
                    
                ],
                "maf": [
                    
                ],
                "versions": [
                    
                ]
            }
        ],
        "timestamp": "2024-06-12T10:26:57.635829"
    }
}