{
    "test - vcf - normal": {
        "content": [
            {
                "0": [
                    [
                        {
                            "id": "test"
                        },
                        "test.maf:md5,548723a34b74a614b654bc8abff855eb"
                    ]
                ],
                "1": [
                    "versions.yml:md5,15a7204e065116da2caa91763fa7ba52"
                ],
                "maf": [
                    [
                        {
                            "id": "test"
                        },
                        "test.maf:md5,548723a34b74a614b654bc8abff855eb"
                    ]
                ],
                "versions": [
                    "versions.yml:md5,15a7204e065116da2caa91763fa7ba52"
                ]
            }
        ],
        "timestamp": "2024-06-18T11:08:08.830895"
    }
}