{
    "generatemutfasta - maf - fasta": {
        "content": [
            [
                "versions.yml:md5,65c59a80be6223d8e3876206f066b67d"
            ],
            [
                [
                    {
                        "id": "test",
                        "single_end": false
                    },
                    "test.MUT.sequences.fa:md5,3d2ff66590a4329f9a24e03bdf84e0ab"
                ]
            ],
            [
                [
                    {
                        "id": "test",
                        "single_end": false
                    },
                    "test.WT.sequences.fa:md5,4bfcfc4d29d01ddc4108f39350936228"
                ]
            ],
            "test_generate_mut_fasta.log"
        ],
        "timestamp": "2026-08-25T15:44:35.167746214",
        "meta": {
            "nf-test": "0.9.5",
            "nextflow": "26.04.6"
        }
    },
    "generatemutfasta - maf - fasta - stub": {
        "content": [
            {
                "0": [
                    [
                        {
                            "id": "test",
                            "single_end": false
                        },
                        "test.MUT.sequences.fa:md5,d41d8cd98f00b204e9800998ecf8427e"
                    ]
                ],
                "1": [
                    [
                        {
                            "id": "test",
                            "single_end": false
                        },
                        "test.WT.sequences.fa:md5,d41d8cd98f00b204e9800998ecf8427e"
                    ]
                ],
                "2": [
                    [
                        {
                            "id": "test",
                            "single_end": false
                        },
                        "test_generate_mut_fasta.log:md5,d41d8cd98f00b204e9800998ecf8427e"
                    ]
                ],
                "3": [
                    "versions.yml:md5,65c59a80be6223d8e3876206f066b67d"
                ],
                "mut_fasta": [
                    [
                        {
                            "id": "test",
                            "single_end": false
                        },
                        "test.MUT.sequences.fa:md5,d41d8cd98f00b204e9800998ecf8427e"
                    ]
                ],
                "mut_fasta_log": [
                    [
                        {
                            "id": "test",
                            "single_end": false
                        },
                        "test_generate_mut_fasta.log:md5,d41d8cd98f00b204e9800998ecf8427e"
                    ]
                ],
                "versions": [
                    "versions.yml:md5,65c59a80be6223d8e3876206f066b67d"
                ],
                "wt_fasta": [
                    [
                        {
                            "id": "test",
                            "single_end": false
                        },
                        "test.WT.sequences.fa:md5,d41d8cd98f00b204e9800998ecf8427e"
                    ]
                ]
            }
        ],
        "timestamp": "2026-08-25T15:44:42.178280333",
        "meta": {
            "nf-test": "0.9.5",
            "nextflow": "26.04.6"
        }
    }
}