{
    "generatemutfasta - maf - fasta": {
        "content": [
            [
                "versions.yml:md5,4fa5b9a30fd2979e399cd78fc2c8d9b9"
            ],
            [
                [
                    {
                        "id": "test",
                        "single_end": false
                    },
                    "test.MUT.sequences.fa:md5,3d2ff66590a4329f9a24e03bdf84e0ab"
                ]
            ],
            [
                [
                    {
                        "id": "test",
                        "single_end": false
                    },
                    "test.WT.sequences.fa:md5,4bfcfc4d29d01ddc4108f39350936228"
                ]
            ],
            "test_generate_mut_fasta.log"
        ],
        "meta": {
            "nf-test": "0.9.2",
            "nextflow": "25.10.3"
        },
        "timestamp": "2026-04-30T16:46:35.278842"
    },
    "generatemutfasta - maf - fasta - stub": {
        "content": [
            {
                "0": [
                    [
                        {
                            "id": "test",
                            "single_end": false
                        },
                        "test.MUT.sequences.fa:md5,d41d8cd98f00b204e9800998ecf8427e"
                    ]
                ],
                "1": [
                    [
                        {
                            "id": "test",
                            "single_end": false
                        },
                        "test.WT.sequences.fa:md5,d41d8cd98f00b204e9800998ecf8427e"
                    ]
                ],
                "2": [
                    [
                        {
                            "id": "test",
                            "single_end": false
                        },
                        "test_generate_mut_fasta.log:md5,d41d8cd98f00b204e9800998ecf8427e"
                    ]
                ],
                "3": [
                    "versions.yml:md5,4fa5b9a30fd2979e399cd78fc2c8d9b9"
                ],
                "mut_fasta": [
                    [
                        {
                            "id": "test",
                            "single_end": false
                        },
                        "test.MUT.sequences.fa:md5,d41d8cd98f00b204e9800998ecf8427e"
                    ]
                ],
                "mut_fasta_log": [
                    [
                        {
                            "id": "test",
                            "single_end": false
                        },
                        "test_generate_mut_fasta.log:md5,d41d8cd98f00b204e9800998ecf8427e"
                    ]
                ],
                "versions": [
                    "versions.yml:md5,4fa5b9a30fd2979e399cd78fc2c8d9b9"
                ],
                "wt_fasta": [
                    [
                        {
                            "id": "test",
                            "single_end": false
                        },
                        "test.WT.sequences.fa:md5,d41d8cd98f00b204e9800998ecf8427e"
                    ]
                ]
            }
        ],
        "meta": {
            "nf-test": "0.9.2",
            "nextflow": "25.10.3"
        },
        "timestamp": "2026-04-30T16:46:48.069748"
    }
}