{
    "phylowgs_multievolve - zip": {
        "content": [
            "trees.zip",
            "test.summ.json.gz",
            "test.muts.json.gz",
            "test.mutass.zip"
        ],
        "meta": {
            "nf-test": "0.9.3",
            "nextflow": "25.10.4"
        },
        "timestamp": "2026-06-04T11:48:34.725751"
    },
    "phylowgs_multievolve - zip - stub": {
        "content": [
            "trees.zip",
            "test.summ.json.gz",
            "test.muts.json.gz",
            "test.mutass.zip"
        ],
        "meta": {
            "nf-test": "0.9.3",
            "nextflow": "25.10.4"
        },
        "timestamp": "2026-06-04T11:56:11.007179"
    }
}