{
    "facets - pileup - output": {
        "content": [
            {
                "0": [
                    [
                        {
                            "id": "test"
                        },
                        "test_purity_diplogR.adjusted.seg:md5,a4e7cf69e12b7d7e2d1ccec81cd1c032"
                    ]
                ],
                "1": [
                    [
                        {
                            "id": "test"
                        },
                        "test_purity_diplogR.unadjusted.seg:md5,7587e215e22a7631a075c5c8620f8833"
                    ]
                ],
                "10": [
                    
                ],
                "11": [
                    [
                        {
                            "id": "test"
                        },
                        "test.qc.txt:md5,97f248167bc6d61d714a1a8fb49b077f"
                    ]
                ],
                "12": [
                    [
                        {
                            "id": "test"
                        },
                        "test.gene_level.txt:md5,4b94d595242700da7ea15d362b4e498c"
                    ]
                ],
                "13": [
                    [
                        {
                            "id": "test"
                        },
                        "test.arm_level.txt:md5,06846b84c731a5768f4cc996de2098df"
                    ]
                ],
                "14": [
                    [
                        {
                            "id": "test"
                        },
                        "test.txt:md5,c526463b32c1a287d851acb79cf1c790"
                    ]
                ],
                "15": [
                    "versions.yml:md5,f7daaae749273c204828da9e68358e68"
                ],
                "2": [
                    [
                        {
                            "id": "test"
                        },
                        "test_purity.rds:md5,532ee779cce60484f6f34168479557ca"
                    ]
                ],
                "3": [
                    [
                        {
                            "id": "test"
                        },
                        "test_purity.png:md5,80044c4f3f6aa4b4ce98fe3fb3c2d5ed"
                    ]
                ],
                "4": [
                    
                ],
                "5": [
                    
                ],
                "6": [
                    [
                        {
                            "id": "test"
                        },
                        "test_hisens_diplogR.adjusted.seg:md5,a4e7cf69e12b7d7e2d1ccec81cd1c032"
                    ]
                ],
                "7": [
                    [
                        {
                            "id": "test"
                        },
                        "test_hisens_diplogR.unadjusted.seg:md5,7587e215e22a7631a075c5c8620f8833"
                    ]
                ],
                "8": [
                    [
                        {
                            "id": "test"
                        },
                        "test_hisens.png:md5,e9541807166fe399c0c12298f0a3cc40"
                    ]
                ],
                "9": [
                    
                ],
                "arm_level_txt": [
                    [
                        {
                            "id": "test"
                        },
                        "test.arm_level.txt:md5,06846b84c731a5768f4cc996de2098df"
                    ]
                ],
                "gene_level_txt": [
                    [
                        {
                            "id": "test"
                        },
                        "test.gene_level.txt:md5,4b94d595242700da7ea15d362b4e498c"
                    ]
                ],
                "hisens_adjusted_seg": [
                    [
                        {
                            "id": "test"
                        },
                        "test_hisens_diplogR.adjusted.seg:md5,a4e7cf69e12b7d7e2d1ccec81cd1c032"
                    ]
                ],
                "hisens_cncf_txt": [
                    
                ],
                "hisens_out": [
                    
                ],
                "hisens_png": [
                    [
                        {
                            "id": "test"
                        },
                        "test_hisens.png:md5,e9541807166fe399c0c12298f0a3cc40"
                    ]
                ],
                "hisens_unadjusted_seg": [
                    [
                        {
                            "id": "test"
                        },
                        "test_hisens_diplogR.unadjusted.seg:md5,7587e215e22a7631a075c5c8620f8833"
                    ]
                ],
                "output_txt": [
                    [
                        {
                            "id": "test"
                        },
                        "test.txt:md5,c526463b32c1a287d851acb79cf1c790"
                    ]
                ],
                "purity_adjusted_seg": [
                    [
                        {
                            "id": "test"
                        },
                        "test_purity_diplogR.adjusted.seg:md5,a4e7cf69e12b7d7e2d1ccec81cd1c032"
                    ]
                ],
                "purity_cncf_txt": [
                    
                ],
                "purity_out": [
                    
                ],
                "purity_png": [
                    [
                        {
                            "id": "test"
                        },
                        "test_purity.png:md5,80044c4f3f6aa4b4ce98fe3fb3c2d5ed"
                    ]
                ],
                "purity_r_data": [
                    [
                        {
                            "id": "test"
                        },
                        "test_purity.rds:md5,532ee779cce60484f6f34168479557ca"
                    ]
                ],
                "purity_unadjusted_seg": [
                    [
                        {
                            "id": "test"
                        },
                        "test_purity_diplogR.unadjusted.seg:md5,7587e215e22a7631a075c5c8620f8833"
                    ]
                ],
                "qc_txt": [
                    [
                        {
                            "id": "test"
                        },
                        "test.qc.txt:md5,97f248167bc6d61d714a1a8fb49b077f"
                    ]
                ],
                "versions": [
                    "versions.yml:md5,f7daaae749273c204828da9e68358e68"
                ]
            }
        ],
        "timestamp": "2026-08-26T13:07:53.603896609",
        "meta": {
            "nf-test": "0.9.5",
            "nextflow": "26.04.6"
        }
    },
    "facets - pileup - output stub": {
        "content": [
            {
                "0": [
                    [
                        {
                            "id": "test"
                        },
                        "test_purity_diplogR.adjusted.seg:md5,d41d8cd98f00b204e9800998ecf8427e"
                    ]
                ],
                "1": [
                    [
                        {
                            "id": "test"
                        },
                        "test_purity_diplogR.unadjusted.seg:md5,d41d8cd98f00b204e9800998ecf8427e"
                    ]
                ],
                "10": [
                    [
                        {
                            "id": "test"
                        },
                        "test_hisens.cncf.txt:md5,d41d8cd98f00b204e9800998ecf8427e"
                    ]
                ],
                "11": [
                    [
                        {
                            "id": "test"
                        },
                        "test.qc.txt:md5,d41d8cd98f00b204e9800998ecf8427e"
                    ]
                ],
                "12": [
                    [
                        {
                            "id": "test"
                        },
                        "test.gene_level.txt:md5,d41d8cd98f00b204e9800998ecf8427e"
                    ]
                ],
                "13": [
                    [
                        {
                            "id": "test"
                        },
                        "test.arm_level.txt:md5,d41d8cd98f00b204e9800998ecf8427e"
                    ]
                ],
                "14": [
                    [
                        {
                            "id": "test"
                        },
                        "test.txt:md5,d41d8cd98f00b204e9800998ecf8427e"
                    ]
                ],
                "15": [
                    "versions.yml:md5,f7daaae749273c204828da9e68358e68"
                ],
                "2": [
                    [
                        {
                            "id": "test"
                        },
                        [
                            "test_purity.Rdata:md5,d41d8cd98f00b204e9800998ecf8427e",
                            "test_purity.rds:md5,d41d8cd98f00b204e9800998ecf8427e"
                        ]
                    ]
                ],
                "3": [
                    [
                        {
                            "id": "test"
                        },
                        [
                            "test_purity.CNCF.png:md5,d41d8cd98f00b204e9800998ecf8427e",
                            "test_purity.png:md5,d41d8cd98f00b204e9800998ecf8427e"
                        ]
                    ]
                ],
                "4": [
                    [
                        {
                            "id": "test"
                        },
                        "test_purity.out:md5,d41d8cd98f00b204e9800998ecf8427e"
                    ]
                ],
                "5": [
                    [
                        {
                            "id": "test"
                        },
                        "test_purity.cncf.txt:md5,d41d8cd98f00b204e9800998ecf8427e"
                    ]
                ],
                "6": [
                    [
                        {
                            "id": "test"
                        },
                        "test_hisens_diplogR.adjusted.seg:md5,d41d8cd98f00b204e9800998ecf8427e"
                    ]
                ],
                "7": [
                    [
                        {
                            "id": "test"
                        },
                        "test_hisens_diplogR.unadjusted.seg:md5,d41d8cd98f00b204e9800998ecf8427e"
                    ]
                ],
                "8": [
                    [
                        {
                            "id": "test"
                        },
                        [
                            "test_hisens.CNCF.png:md5,d41d8cd98f00b204e9800998ecf8427e",
                            "test_hisens.png:md5,d41d8cd98f00b204e9800998ecf8427e"
                        ]
                    ]
                ],
                "9": [
                    [
                        {
                            "id": "test"
                        },
                        "test_hisens.out:md5,d41d8cd98f00b204e9800998ecf8427e"
                    ]
                ],
                "arm_level_txt": [
                    [
                        {
                            "id": "test"
                        },
                        "test.arm_level.txt:md5,d41d8cd98f00b204e9800998ecf8427e"
                    ]
                ],
                "gene_level_txt": [
                    [
                        {
                            "id": "test"
                        },
                        "test.gene_level.txt:md5,d41d8cd98f00b204e9800998ecf8427e"
                    ]
                ],
                "hisens_adjusted_seg": [
                    [
                        {
                            "id": "test"
                        },
                        "test_hisens_diplogR.adjusted.seg:md5,d41d8cd98f00b204e9800998ecf8427e"
                    ]
                ],
                "hisens_cncf_txt": [
                    [
                        {
                            "id": "test"
                        },
                        "test_hisens.cncf.txt:md5,d41d8cd98f00b204e9800998ecf8427e"
                    ]
                ],
                "hisens_out": [
                    [
                        {
                            "id": "test"
                        },
                        "test_hisens.out:md5,d41d8cd98f00b204e9800998ecf8427e"
                    ]
                ],
                "hisens_png": [
                    [
                        {
                            "id": "test"
                        },
                        [
                            "test_hisens.CNCF.png:md5,d41d8cd98f00b204e9800998ecf8427e",
                            "test_hisens.png:md5,d41d8cd98f00b204e9800998ecf8427e"
                        ]
                    ]
                ],
                "hisens_unadjusted_seg": [
                    [
                        {
                            "id": "test"
                        },
                        "test_hisens_diplogR.unadjusted.seg:md5,d41d8cd98f00b204e9800998ecf8427e"
                    ]
                ],
                "output_txt": [
                    [
                        {
                            "id": "test"
                        },
                        "test.txt:md5,d41d8cd98f00b204e9800998ecf8427e"
                    ]
                ],
                "purity_adjusted_seg": [
                    [
                        {
                            "id": "test"
                        },
                        "test_purity_diplogR.adjusted.seg:md5,d41d8cd98f00b204e9800998ecf8427e"
                    ]
                ],
                "purity_cncf_txt": [
                    [
                        {
                            "id": "test"
                        },
                        "test_purity.cncf.txt:md5,d41d8cd98f00b204e9800998ecf8427e"
                    ]
                ],
                "purity_out": [
                    [
                        {
                            "id": "test"
                        },
                        "test_purity.out:md5,d41d8cd98f00b204e9800998ecf8427e"
                    ]
                ],
                "purity_png": [
                    [
                        {
                            "id": "test"
                        },
                        [
                            "test_purity.CNCF.png:md5,d41d8cd98f00b204e9800998ecf8427e",
                            "test_purity.png:md5,d41d8cd98f00b204e9800998ecf8427e"
                        ]
                    ]
                ],
                "purity_r_data": [
                    [
                        {
                            "id": "test"
                        },
                        [
                            "test_purity.Rdata:md5,d41d8cd98f00b204e9800998ecf8427e",
                            "test_purity.rds:md5,d41d8cd98f00b204e9800998ecf8427e"
                        ]
                    ]
                ],
                "purity_unadjusted_seg": [
                    [
                        {
                            "id": "test"
                        },
                        "test_purity_diplogR.unadjusted.seg:md5,d41d8cd98f00b204e9800998ecf8427e"
                    ]
                ],
                "qc_txt": [
                    [
                        {
                            "id": "test"
                        },
                        "test.qc.txt:md5,d41d8cd98f00b204e9800998ecf8427e"
                    ]
                ],
                "versions": [
                    "versions.yml:md5,f7daaae749273c204828da9e68358e68"
                ]
            }
        ],
        "timestamp": "2026-08-26T13:08:06.968809465",
        "meta": {
            "nf-test": "0.9.5",
            "nextflow": "26.04.6"
        }
    },
    "facets - pileup - legacy output": {
        "content": [
            {
                "0": [
                    [
                        {
                            "id": "test"
                        },
                        "test_purity_diplogR.adjusted.seg:md5,a4e7cf69e12b7d7e2d1ccec81cd1c032"
                    ]
                ],
                "1": [
                    [
                        {
                            "id": "test"
                        },
                        "test_purity_diplogR.unadjusted.seg:md5,7587e215e22a7631a075c5c8620f8833"
                    ]
                ],
                "10": [
                    [
                        {
                            "id": "test"
                        },
                        "test_hisens.cncf.txt:md5,dabe379f3f9acc9a489879678eb297d8"
                    ]
                ],
                "11": [
                    [
                        {
                            "id": "test"
                        },
                        "test.qc.txt:md5,97f248167bc6d61d714a1a8fb49b077f"
                    ]
                ],
                "12": [
                    [
                        {
                            "id": "test"
                        },
                        "test.gene_level.txt:md5,4b94d595242700da7ea15d362b4e498c"
                    ]
                ],
                "13": [
                    [
                        {
                            "id": "test"
                        },
                        "test.arm_level.txt:md5,06846b84c731a5768f4cc996de2098df"
                    ]
                ],
                "14": [
                    
                ],
                "15": [
                    "versions.yml:md5,f7daaae749273c204828da9e68358e68"
                ],
                "2": [
                    [
                        {
                            "id": "test"
                        },
                        "test_purity.Rdata:md5,387c86ff58d2eb43ecb0db82284aefcf"
                    ]
                ],
                "3": [
                    [
                        {
                            "id": "test"
                        },
                        "test_purity.CNCF.png:md5,80044c4f3f6aa4b4ce98fe3fb3c2d5ed"
                    ]
                ],
                "4": [
                    [
                        {
                            "id": "test"
                        },
                        "test_purity.out:md5,8a93be2bafdcc20ad71ba660b19157d6"
                    ]
                ],
                "5": [
                    [
                        {
                            "id": "test"
                        },
                        "test_purity.cncf.txt:md5,4083bfc9655c5b4ff48a8d9bd2aa69d3"
                    ]
                ],
                "6": [
                    [
                        {
                            "id": "test"
                        },
                        "test_hisens_diplogR.adjusted.seg:md5,a4e7cf69e12b7d7e2d1ccec81cd1c032"
                    ]
                ],
                "7": [
                    [
                        {
                            "id": "test"
                        },
                        "test_hisens_diplogR.unadjusted.seg:md5,7587e215e22a7631a075c5c8620f8833"
                    ]
                ],
                "8": [
                    [
                        {
                            "id": "test"
                        },
                        "test_hisens.CNCF.png:md5,e9541807166fe399c0c12298f0a3cc40"
                    ]
                ],
                "9": [
                    [
                        {
                            "id": "test"
                        },
                        "test_hisens.out:md5,2a51d7227f21a4d0d47ccc459200a279"
                    ]
                ],
                "arm_level_txt": [
                    [
                        {
                            "id": "test"
                        },
                        "test.arm_level.txt:md5,06846b84c731a5768f4cc996de2098df"
                    ]
                ],
                "gene_level_txt": [
                    [
                        {
                            "id": "test"
                        },
                        "test.gene_level.txt:md5,4b94d595242700da7ea15d362b4e498c"
                    ]
                ],
                "hisens_adjusted_seg": [
                    [
                        {
                            "id": "test"
                        },
                        "test_hisens_diplogR.adjusted.seg:md5,a4e7cf69e12b7d7e2d1ccec81cd1c032"
                    ]
                ],
                "hisens_cncf_txt": [
                    [
                        {
                            "id": "test"
                        },
                        "test_hisens.cncf.txt:md5,dabe379f3f9acc9a489879678eb297d8"
                    ]
                ],
                "hisens_out": [
                    [
                        {
                            "id": "test"
                        },
                        "test_hisens.out:md5,2a51d7227f21a4d0d47ccc459200a279"
                    ]
                ],
                "hisens_png": [
                    [
                        {
                            "id": "test"
                        },
                        "test_hisens.CNCF.png:md5,e9541807166fe399c0c12298f0a3cc40"
                    ]
                ],
                "hisens_unadjusted_seg": [
                    [
                        {
                            "id": "test"
                        },
                        "test_hisens_diplogR.unadjusted.seg:md5,7587e215e22a7631a075c5c8620f8833"
                    ]
                ],
                "output_txt": [
                    
                ],
                "purity_adjusted_seg": [
                    [
                        {
                            "id": "test"
                        },
                        "test_purity_diplogR.adjusted.seg:md5,a4e7cf69e12b7d7e2d1ccec81cd1c032"
                    ]
                ],
                "purity_cncf_txt": [
                    [
                        {
                            "id": "test"
                        },
                        "test_purity.cncf.txt:md5,4083bfc9655c5b4ff48a8d9bd2aa69d3"
                    ]
                ],
                "purity_out": [
                    [
                        {
                            "id": "test"
                        },
                        "test_purity.out:md5,8a93be2bafdcc20ad71ba660b19157d6"
                    ]
                ],
                "purity_png": [
                    [
                        {
                            "id": "test"
                        },
                        "test_purity.CNCF.png:md5,80044c4f3f6aa4b4ce98fe3fb3c2d5ed"
                    ]
                ],
                "purity_r_data": [
                    [
                        {
                            "id": "test"
                        },
                        "test_purity.Rdata:md5,387c86ff58d2eb43ecb0db82284aefcf"
                    ]
                ],
                "purity_unadjusted_seg": [
                    [
                        {
                            "id": "test"
                        },
                        "test_purity_diplogR.unadjusted.seg:md5,7587e215e22a7631a075c5c8620f8833"
                    ]
                ],
                "qc_txt": [
                    [
                        {
                            "id": "test"
                        },
                        "test.qc.txt:md5,97f248167bc6d61d714a1a8fb49b077f"
                    ]
                ],
                "versions": [
                    "versions.yml:md5,f7daaae749273c204828da9e68358e68"
                ]
            }
        ],
        "timestamp": "2026-08-26T13:07:30.963489347",
        "meta": {
            "nf-test": "0.9.5",
            "nextflow": "26.04.6"
        }
    },
    "facets - pileup - legacy output stub": {
        "content": [
            {
                "0": [
                    [
                        {
                            "id": "test"
                        },
                        "test_purity_diplogR.adjusted.seg:md5,d41d8cd98f00b204e9800998ecf8427e"
                    ]
                ],
                "1": [
                    [
                        {
                            "id": "test"
                        },
                        "test_purity_diplogR.unadjusted.seg:md5,d41d8cd98f00b204e9800998ecf8427e"
                    ]
                ],
                "10": [
                    [
                        {
                            "id": "test"
                        },
                        "test_hisens.cncf.txt:md5,d41d8cd98f00b204e9800998ecf8427e"
                    ]
                ],
                "11": [
                    [
                        {
                            "id": "test"
                        },
                        "test.qc.txt:md5,d41d8cd98f00b204e9800998ecf8427e"
                    ]
                ],
                "12": [
                    [
                        {
                            "id": "test"
                        },
                        "test.gene_level.txt:md5,d41d8cd98f00b204e9800998ecf8427e"
                    ]
                ],
                "13": [
                    [
                        {
                            "id": "test"
                        },
                        "test.arm_level.txt:md5,d41d8cd98f00b204e9800998ecf8427e"
                    ]
                ],
                "14": [
                    [
                        {
                            "id": "test"
                        },
                        "test.txt:md5,d41d8cd98f00b204e9800998ecf8427e"
                    ]
                ],
                "15": [
                    "versions.yml:md5,f7daaae749273c204828da9e68358e68"
                ],
                "2": [
                    [
                        {
                            "id": "test"
                        },
                        [
                            "test_purity.Rdata:md5,d41d8cd98f00b204e9800998ecf8427e",
                            "test_purity.rds:md5,d41d8cd98f00b204e9800998ecf8427e"
                        ]
                    ]
                ],
                "3": [
                    [
                        {
                            "id": "test"
                        },
                        [
                            "test_purity.CNCF.png:md5,d41d8cd98f00b204e9800998ecf8427e",
                            "test_purity.png:md5,d41d8cd98f00b204e9800998ecf8427e"
                        ]
                    ]
                ],
                "4": [
                    [
                        {
                            "id": "test"
                        },
                        "test_purity.out:md5,d41d8cd98f00b204e9800998ecf8427e"
                    ]
                ],
                "5": [
                    [
                        {
                            "id": "test"
                        },
                        "test_purity.cncf.txt:md5,d41d8cd98f00b204e9800998ecf8427e"
                    ]
                ],
                "6": [
                    [
                        {
                            "id": "test"
                        },
                        "test_hisens_diplogR.adjusted.seg:md5,d41d8cd98f00b204e9800998ecf8427e"
                    ]
                ],
                "7": [
                    [
                        {
                            "id": "test"
                        },
                        "test_hisens_diplogR.unadjusted.seg:md5,d41d8cd98f00b204e9800998ecf8427e"
                    ]
                ],
                "8": [
                    [
                        {
                            "id": "test"
                        },
                        [
                            "test_hisens.CNCF.png:md5,d41d8cd98f00b204e9800998ecf8427e",
                            "test_hisens.png:md5,d41d8cd98f00b204e9800998ecf8427e"
                        ]
                    ]
                ],
                "9": [
                    [
                        {
                            "id": "test"
                        },
                        "test_hisens.out:md5,d41d8cd98f00b204e9800998ecf8427e"
                    ]
                ],
                "arm_level_txt": [
                    [
                        {
                            "id": "test"
                        },
                        "test.arm_level.txt:md5,d41d8cd98f00b204e9800998ecf8427e"
                    ]
                ],
                "gene_level_txt": [
                    [
                        {
                            "id": "test"
                        },
                        "test.gene_level.txt:md5,d41d8cd98f00b204e9800998ecf8427e"
                    ]
                ],
                "hisens_adjusted_seg": [
                    [
                        {
                            "id": "test"
                        },
                        "test_hisens_diplogR.adjusted.seg:md5,d41d8cd98f00b204e9800998ecf8427e"
                    ]
                ],
                "hisens_cncf_txt": [
                    [
                        {
                            "id": "test"
                        },
                        "test_hisens.cncf.txt:md5,d41d8cd98f00b204e9800998ecf8427e"
                    ]
                ],
                "hisens_out": [
                    [
                        {
                            "id": "test"
                        },
                        "test_hisens.out:md5,d41d8cd98f00b204e9800998ecf8427e"
                    ]
                ],
                "hisens_png": [
                    [
                        {
                            "id": "test"
                        },
                        [
                            "test_hisens.CNCF.png:md5,d41d8cd98f00b204e9800998ecf8427e",
                            "test_hisens.png:md5,d41d8cd98f00b204e9800998ecf8427e"
                        ]
                    ]
                ],
                "hisens_unadjusted_seg": [
                    [
                        {
                            "id": "test"
                        },
                        "test_hisens_diplogR.unadjusted.seg:md5,d41d8cd98f00b204e9800998ecf8427e"
                    ]
                ],
                "output_txt": [
                    [
                        {
                            "id": "test"
                        },
                        "test.txt:md5,d41d8cd98f00b204e9800998ecf8427e"
                    ]
                ],
                "purity_adjusted_seg": [
                    [
                        {
                            "id": "test"
                        },
                        "test_purity_diplogR.adjusted.seg:md5,d41d8cd98f00b204e9800998ecf8427e"
                    ]
                ],
                "purity_cncf_txt": [
                    [
                        {
                            "id": "test"
                        },
                        "test_purity.cncf.txt:md5,d41d8cd98f00b204e9800998ecf8427e"
                    ]
                ],
                "purity_out": [
                    [
                        {
                            "id": "test"
                        },
                        "test_purity.out:md5,d41d8cd98f00b204e9800998ecf8427e"
                    ]
                ],
                "purity_png": [
                    [
                        {
                            "id": "test"
                        },
                        [
                            "test_purity.CNCF.png:md5,d41d8cd98f00b204e9800998ecf8427e",
                            "test_purity.png:md5,d41d8cd98f00b204e9800998ecf8427e"
                        ]
                    ]
                ],
                "purity_r_data": [
                    [
                        {
                            "id": "test"
                        },
                        [
                            "test_purity.Rdata:md5,d41d8cd98f00b204e9800998ecf8427e",
                            "test_purity.rds:md5,d41d8cd98f00b204e9800998ecf8427e"
                        ]
                    ]
                ],
                "purity_unadjusted_seg": [
                    [
                        {
                            "id": "test"
                        },
                        "test_purity_diplogR.unadjusted.seg:md5,d41d8cd98f00b204e9800998ecf8427e"
                    ]
                ],
                "qc_txt": [
                    [
                        {
                            "id": "test"
                        },
                        "test.qc.txt:md5,d41d8cd98f00b204e9800998ecf8427e"
                    ]
                ],
                "versions": [
                    "versions.yml:md5,f7daaae749273c204828da9e68358e68"
                ]
            }
        ],
        "timestamp": "2026-08-26T13:08:00.205310835",
        "meta": {
            "nf-test": "0.9.5",
            "nextflow": "26.04.6"
        }
    }
}